Archive member included to satisfy reference by file (symbol)

../Core/Lib\libarm_cortexM4lf_math.a(arm_rfft_fast_init_f32.o)
                              ./Core/Src/main.o (arm_rfft_fast_init_f32)
../Core/Lib\libarm_cortexM4lf_math.a(arm_rfft_fast_f32.o)
                              ./Core/Src/main.o (arm_rfft_fast_f32)
../Core/Lib\libarm_cortexM4lf_math.a(arm_cfft_f32.o)
                              ../Core/Lib\libarm_cortexM4lf_math.a(arm_rfft_fast_f32.o) (arm_cfft_f32)
../Core/Lib\libarm_cortexM4lf_math.a(arm_common_tables.o)
                              ../Core/Lib\libarm_cortexM4lf_math.a(arm_rfft_fast_init_f32.o) (twiddleCoef_rfft_4096)
../Core/Lib\libarm_cortexM4lf_math.a(arm_bitreversal2.o)
                              ../Core/Lib\libarm_cortexM4lf_math.a(arm_cfft_f32.o) (arm_bitreversal_32)
../Core/Lib\libarm_cortexM4lf_math.a(arm_cfft_radix8_f32.o)
                              ../Core/Lib\libarm_cortexM4lf_math.a(arm_cfft_f32.o) (arm_radix8_butterfly_f32)
c:/st/stm32cubeide_1.5.1/stm32cubeide/plugins/com.st.stm32cube.ide.mcu.externaltools.gnu-tools-for-stm32.10.3-2021.10.win32_1.0.0.202111181127/tools/bin/../lib/gcc/arm-none-eabi/10.3.1/../../../../arm-none-eabi/lib/thumb/v7e-m+fp/hard\libc_nano.a(lib_a-errno.o)
                              ./Core/Src/syscalls.o (__errno)
c:/st/stm32cubeide_1.5.1/stm32cubeide/plugins/com.st.stm32cube.ide.mcu.externaltools.gnu-tools-for-stm32.10.3-2021.10.win32_1.0.0.202111181127/tools/bin/../lib/gcc/arm-none-eabi/10.3.1/../../../../arm-none-eabi/lib/thumb/v7e-m+fp/hard\libc_nano.a(lib_a-exit.o)
                              c:/st/stm32cubeide_1.5.1/stm32cubeide/plugins/com.st.stm32cube.ide.mcu.externaltools.gnu-tools-for-stm32.10.3-2021.10.win32_1.0.0.202111181127/tools/bin/../lib/gcc/arm-none-eabi/10.3.1/../../../../arm-none-eabi/lib/thumb/v7e-m+fp/hard/crt0.o (exit)
c:/st/stm32cubeide_1.5.1/stm32cubeide/plugins/com.st.stm32cube.ide.mcu.externaltools.gnu-tools-for-stm32.10.3-2021.10.win32_1.0.0.202111181127/tools/bin/../lib/gcc/arm-none-eabi/10.3.1/../../../../arm-none-eabi/lib/thumb/v7e-m+fp/hard\libc_nano.a(lib_a-impure.o)
                              c:/st/stm32cubeide_1.5.1/stm32cubeide/plugins/com.st.stm32cube.ide.mcu.externaltools.gnu-tools-for-stm32.10.3-2021.10.win32_1.0.0.202111181127/tools/bin/../lib/gcc/arm-none-eabi/10.3.1/../../../../arm-none-eabi/lib/thumb/v7e-m+fp/hard\libc_nano.a(lib_a-exit.o) (_global_impure_ptr)
c:/st/stm32cubeide_1.5.1/stm32cubeide/plugins/com.st.stm32cube.ide.mcu.externaltools.gnu-tools-for-stm32.10.3-2021.10.win32_1.0.0.202111181127/tools/bin/../lib/gcc/arm-none-eabi/10.3.1/../../../../arm-none-eabi/lib/thumb/v7e-m+fp/hard\libc_nano.a(lib_a-init.o)
                              c:/st/stm32cubeide_1.5.1/stm32cubeide/plugins/com.st.stm32cube.ide.mcu.externaltools.gnu-tools-for-stm32.10.3-2021.10.win32_1.0.0.202111181127/tools/bin/../lib/gcc/arm-none-eabi/10.3.1/../../../../arm-none-eabi/lib/thumb/v7e-m+fp/hard/crt0.o (__libc_init_array)
c:/st/stm32cubeide_1.5.1/stm32cubeide/plugins/com.st.stm32cube.ide.mcu.externaltools.gnu-tools-for-stm32.10.3-2021.10.win32_1.0.0.202111181127/tools/bin/../lib/gcc/arm-none-eabi/10.3.1/../../../../arm-none-eabi/lib/thumb/v7e-m+fp/hard\libc_nano.a(lib_a-memcpy-stub.o)
                              ./Middlewares/ST/BlueNRG-2/hci/bluenrg1_events.o (memcpy)
c:/st/stm32cubeide_1.5.1/stm32cubeide/plugins/com.st.stm32cube.ide.mcu.externaltools.gnu-tools-for-stm32.10.3-2021.10.win32_1.0.0.202111181127/tools/bin/../lib/gcc/arm-none-eabi/10.3.1/../../../../arm-none-eabi/lib/thumb/v7e-m+fp/hard\libc_nano.a(lib_a-memset.o)
                              c:/st/stm32cubeide_1.5.1/stm32cubeide/plugins/com.st.stm32cube.ide.mcu.externaltools.gnu-tools-for-stm32.10.3-2021.10.win32_1.0.0.202111181127/tools/bin/../lib/gcc/arm-none-eabi/10.3.1/../../../../arm-none-eabi/lib/thumb/v7e-m+fp/hard/crt0.o (memset)
c:/st/stm32cubeide_1.5.1/stm32cubeide/plugins/com.st.stm32cube.ide.mcu.externaltools.gnu-tools-for-stm32.10.3-2021.10.win32_1.0.0.202111181127/tools/bin/../lib/gcc/arm-none-eabi/10.3.1/../../../../arm-none-eabi/lib/thumb/v7e-m+fp/hard\libc_nano.a(lib_a-printf.o)
                              ./Core/Src/app_bluenrg.o (printf)
c:/st/stm32cubeide_1.5.1/stm32cubeide/plugins/com.st.stm32cube.ide.mcu.externaltools.gnu-tools-for-stm32.10.3-2021.10.win32_1.0.0.202111181127/tools/bin/../lib/gcc/arm-none-eabi/10.3.1/../../../../arm-none-eabi/lib/thumb/v7e-m+fp/hard\libc_nano.a(lib_a-strlen.o)
                              ./Core/Src/app_bluenrg.o (strlen)
c:/st/stm32cubeide_1.5.1/stm32cubeide/plugins/com.st.stm32cube.ide.mcu.externaltools.gnu-tools-for-stm32.10.3-2021.10.win32_1.0.0.202111181127/tools/bin/../lib/gcc/arm-none-eabi/10.3.1/../../../../arm-none-eabi/lib/thumb/v7e-m+fp/hard\libc_nano.a(lib_a-findfp.o)
[...]
Memory Configuration

Name             Origin             Length             Attributes
RAM              0x0000000020000000 0x0000000000020000 xrw
FLASH            0x0000000008000000 0x0000000000080000 xr
*default*        0x0000000000000000 0xffffffffffffffff

Linker script and memory map

LOAD c:/st/stm32cubeide_1.5.1/stm32cubeide/plugins/com.st.stm32cube.ide.mcu.externaltools.gnu-tools-for-stm32.10.3-2021.10.win32_1.0.0.202111181127/tools/bin/../lib/gcc/arm-none-eabi/10.3.1/thumb/v7e-m+fp/hard/crti.o
LOAD c:/st/stm32cubeide_1.5.1/stm32cubeide/plugins/com.st.stm32cube.ide.mcu.externaltools.gnu-tools-for-stm32.10.3-2021.10.win32_1.0.0.202111181127/tools/bin/../lib/gcc/arm-none-eabi/10.3.1/thumb/v7e-m+fp/hard/crtbegin.o
LOAD c:/st/stm32cubeide_1.5.1/stm32cubeide/plugins/com.st.stm32cube.ide.mcu.externaltools.gnu-tools-for-stm32.10.3-2021.10.win32_1.0.0.202111181127/tools/bin/../lib/gcc/arm-none-eabi/10.3.1/../../../../arm-none-eabi/lib/thumb/v7e-m+fp/hard/crt0.o
LOAD ./BlueNRG-2/Target/hci_tl_interface.o
LOAD ./Core/Src/adc.o
LOAD ./Core/Src/app_bluenrg.o
LOAD ./Core/Src/dma.o
LOAD ./Core/Src/gpio.o
LOAD ./Core/Src/main.o
LOAD ./Core/Src/service.o
LOAD ./Core/Src/stm32f4xx_hal_msp.o
LOAD ./Core/Src/stm32f4xx_it.o
LOAD ./Core/Src/stm32f4xx_nucleo_bus.o
LOAD ./Core/Src/syscalls.o
LOAD ./Core/Src/sysmem.o
LOAD ./Core/Src/system_stm32f4xx.o
LOAD ./Core/Src/usart.o
LOAD ./Core/Startup/startup_stm32f411retx.o
LOAD ./Drivers/STM32F4xx_HAL_Driver/Src/stm32f4xx_hal.o
LOAD ./Drivers/STM32F4xx_HAL_Driver/Src/stm32f4xx_hal_adc.o
LOAD ./Drivers/STM32F4xx_HAL_Driver/Src/stm32f4xx_hal_adc_ex.o
LOAD ./Drivers/STM32F4xx_HAL_Driver/Src/stm32f4xx_hal_cortex.o
LOAD ./Drivers/STM32F4xx_HAL_Driver/Src/stm32f4xx_hal_dma.o
LOAD ./Drivers/STM32F4xx_HAL_Driver/Src/stm32f4xx_hal_dma_ex.o
LOAD ./Drivers/STM32F4xx_HAL_Driver/Src/stm32f4xx_hal_exti.o
LOAD ./Drivers/STM32F4xx_HAL_Driver/Src/stm32f4xx_hal_flash.o
LOAD ./Drivers/STM32F4xx_HAL_Driver/Src/stm32f4xx_hal_flash_ex.o
LOAD ./Drivers/STM32F4xx_HAL_Driver/Src/stm32f4xx_hal_flash_ramfunc.o
LOAD ./Drivers/STM32F4xx_HAL_Driver/Src/stm32f4xx_hal_gpio.o
LOAD ./Drivers/STM32F4xx_HAL_Driver/Src/stm32f4xx_hal_pwr.o
LOAD ./Drivers/STM32F4xx_HAL_Driver/Src/stm32f4xx_hal_pwr_ex.o
LOAD ./Drivers/STM32F4xx_HAL_Driver/Src/stm32f4xx_hal_rcc.o
LOAD ./Drivers/STM32F4xx_HAL_Driver/Src/stm32f4xx_hal_rcc_ex.o
LOAD ./Drivers/STM32F4xx_HAL_Driver/Src/stm32f4xx_hal_spi.o
LOAD ./Drivers/STM32F4xx_HAL_Driver/Src/stm32f4xx_hal_tim.o
LOAD ./Drivers/STM32F4xx_HAL_Driver/Src/stm32f4xx_hal_tim_ex.o
LOAD ./Drivers/STM32F4xx_HAL_Driver/Src/stm32f4xx_hal_uart.o
LOAD ./Drivers/STM32F4xx_HAL_Driver/Src/stm32f4xx_ll_adc.o
LOAD ./Middlewares/ST/BlueNRG-2/hci/bluenrg1_devConfig.o
LOAD ./Middlewares/ST/BlueNRG-2/hci/bluenrg1_events.o
LOAD ./Middlewares/ST/BlueNRG-2/hci/bluenrg1_events_cb.o
LOAD ./Middlewares/ST/BlueNRG-2/hci/bluenrg1_hci_le.o
LOAD ./Middlewares/ST/BlueNRG-2/hci/controller/bluenrg1_gap_aci.o
LOAD ./Middlewares/ST/BlueNRG-2/hci/controller/bluenrg1_gatt_aci.o
LOAD ./Middlewares/ST/BlueNRG-2/hci/controller/bluenrg1_hal_aci.o
LOAD ./Middlewares/ST/BlueNRG-2/hci/controller/bluenrg1_l2cap_aci.o
LOAD ./Middlewares/ST/BlueNRG-2/hci/hci_tl_patterns/Basic/hci_tl.o
LOAD ./Middlewares/ST/BlueNRG-2/utils/ble_list.o
LOAD ../Core/Lib\libarm_cortexM4lf_math.a
START GROUP
LOAD c:/st/stm32cubeide_1.5.1/stm32cubeide/plugins/com.st.stm32cube.ide.mcu.externaltools.gnu-tools-for-stm32.10.3-2021.10.win32_1.0.0.202111181127/tools/bin/../lib/gcc/arm-none-eabi/10.3.1/../../../../arm-none-eabi/lib/thumb/v7e-m+fp/hard\libc_nano.a
LOAD c:/st/stm32cubeide_1.5.1/stm32cubeide/plugins/com.st.stm32cube.ide.mcu.externaltools.gnu-tools-for-stm32.10.3-2021.10.win32_1.0.0.202111181127/tools/bin/../lib/gcc/arm-none-eabi/10.3.1/../../../../arm-none-eabi/lib/thumb/v7e-m+fp/hard\libm.a
END GROUP
START GROUP
LOAD c:/st/stm32cubeide_1.5.1/stm32cubeide/plugins/com.st.stm32cube.ide.mcu.externaltools.gnu-tools-for-stm32.10.3-2021.10.win32_1.0.0.202111181127/tools/bin/../lib/gcc/arm-none-eabi/10.3.1/thumb/v7e-m+fp/hard\libgcc.a
LOAD c:/st/stm32cubeide_1.5.1/stm32cubeide/plugins/com.st.stm32cube.ide.mcu.externaltools.gnu-tools-for-stm32.10.3-2021.10.win32_1.0.0.202111181127/tools/bin/../lib/gcc/arm-none-eabi/10.3.1/../../../../arm-none-eabi/lib/thumb/v7e-m+fp/hard\libc_nano.a
END GROUP
START GROUP
LOAD c:/st/stm32cubeide_1.5.1/stm32cubeide/plugins/com.st.stm32cube.ide.mcu.externaltools.gnu-tools-for-stm32.10.3-2021.10.win32_1.0.0.202111181127/tools/bin/../lib/gcc/arm-none-eabi/10.3.1/thumb/v7e-m+fp/hard\libgcc.a
LOAD c:/st/stm32cubeide_1.5.1/stm32cubeide/plugins/com.st.stm32cube.ide.mcu.externaltools.gnu-tools-for-stm32.10.3-2021.10.win32_1.0.0.202111181127/tools/bin/../lib/gcc/arm-none-eabi/10.3.1/../../../../arm-none-eabi/lib/thumb/v7e-m+fp/hard\libc_nano.a
LOAD c:/st/stm32cubeide_1.5.1/stm32cubeide/plugins/com.st.stm32cube.ide.mcu.externaltools.gnu-tools-for-stm32.10.3-2021.10.win32_1.0.0.202111181127/tools/bin/../lib/gcc/arm-none-eabi/10.3.1/../../../../arm-none-eabi/lib/thumb/v7e-m+fp/hard\libnosys.a
END GROUP
START GROUP
LOAD c:/st/stm32cubeide_1.5.1/stm32cubeide/plugins/com.st.stm32cube.ide.mcu.externaltools.gnu-tools-for-stm32.10.3-2021.10.win32_1.0.0.202111181127/tools/bin/../lib/gcc/arm-none-eabi/10.3.1/thumb/v7e-m+fp/hard\libgcc.a
LOAD c:/st/stm32cubeide_1.5.1/stm32cubeide/plugins/com.st.stm32cube.ide.mcu.externaltools.gnu-tools-for-stm32.10.3-2021.10.win32_1.0.0.202111181127/tools/bin/../lib/gcc/arm-none-eabi/10.3.1/../../../../arm-none-eabi/lib/thumb/v7e-m+fp/hard\libc_nano.a
LOAD c:/st/stm32cubeide_1.5.1/stm32cubeide/plugins/com.st.stm32cube.ide.mcu.externaltools.gnu-tools-for-stm32.10.3-2021.10.win32_1.0.0.202111181127/tools/bin/../lib/gcc/arm-none-eabi/10.3.1/../../../../arm-none-eabi/lib/thumb/v7e-m+fp/hard\libnosys.a
END GROUP
LOAD c:/st/stm32cubeide_1.5.1/stm32cubeide/plugins/com.st.stm32cube.ide.mcu.externaltools.gnu-tools-for-stm32.10.3-2021.10.win32_1.0.0.202111181127/tools/bin/../lib/gcc/arm-none-eabi/10.3.1/thumb/v7e-m+fp/hard/crtend.o
LOAD c:/st/stm32cubeide_1.5.1/stm32cubeide/plugins/com.st.stm32cube.ide.mcu.externaltools.gnu-tools-for-stm32.10.3-2021.10.win32_1.0.0.202111181127/tools/bin/../lib/gcc/arm-none-eabi/10.3.1/thumb/v7e-m+fp/hard/crtn.o
                0x0000000020020000                _estack = (ORIGIN (RAM) + LENGTH (RAM))
                0x0000000000000200                _Min_Heap_Size = 0x200
                0x0000000000000600                _Min_Stack_Size = 0x600

.isr_vector     0x0000000008000000      0x198
                0x0000000008000000                . = ALIGN (0x4)
 *(.isr_vector)
 .isr_vector    0x0000000008000000      0x198 ./Core/Startup/startup_stm32f411retx.o
                0x0000000008000000                g_pfnVectors
                0x0000000008000198                . = ALIGN (0x4)

.text           0x00000000080001a0     0xa280
                0x00000000080001a0                . = ALIGN (0x4)
 *(.text)
 .text          0x00000000080001a0       0x40 c:/st/stm32cubeide_1.5.1/stm32cubeide/plugins/com.st.stm32cube.ide.mcu.externaltools.gnu-tools-for-stm32.10.3-2021.10.win32_1.0.0.202111181127/tools/bin/../lib/gcc/arm-none-eabi/10.3.1/thumb/v7e-m+fp/hard/crtbegin.o
 .text          0x00000000080001e0       0xc0 ../Core/Lib\libarm_cortexM4lf_math.a(arm_bitreversal2.o)
                0x00000000080001e0                arm_bitreversal_32
                0x000000000800024a                arm_bitreversal_16
 .text          0x00000000080002a0       0x10 c:/st/stm32cubeide_1.5.1/stm32cubeide/plugins/com.st.stm32cube.ide.mcu.externaltools.gnu-tools-for-stm32.10.3-2021.10.win32_1.0.0.202111181127/tools/bin/../lib/gcc/arm-none-eabi/10.3.1/../../../../arm-none-eabi/lib/thumb/v7e-m+fp/hard\libc_nano.a(lib_a-strlen.o)
                0x00000000080002a0                strlen
 .text          0x00000000080002b0       0xa0 c:/st/stm32cubeide_1.5.1/stm32cubeide/plugins/com.st.stm32cube.ide.mcu.externaltools.gnu-tools-for-stm32.10.3-2021.10.win32_1.0.0.202111181127/tools/bin/../lib/gcc/arm-none-eabi/10.3.1/../../../../arm-none-eabi/lib/thumb/v7e-m+fp/hard\libc_nano.a(lib_a-memchr.o)
                0x00000000080002b0                memchr
 .text          0x0000000008000350       0x30 c:/st/stm32cubeide_1.5.1/stm32cubeide/plugins/com.st.stm32cube.ide.mcu.externaltools.gnu-tools-for-stm32.10.3-2021.10.win32_1.0.0.202111181127/tools/bin/../lib/gcc/arm-none-eabi/10.3.1/thumb/v7e-m+fp/hard\libgcc.a(_aeabi_uldivmod.o)
                0x0000000008000350                __aeabi_uldivmod
 .text          0x0000000008000380      0x2d0 c:/st/stm32cubeide_1.5.1/stm32cubeide/plugins/com.st.stm32cube.ide.mcu.externaltools.gnu-tools-for-stm32.10.3-2021.10.win32_1.0.0.202111181127/tools/bin/../lib/gcc/arm-none-eabi/10.3.1/thumb/v7e-m+fp/hard\libgcc.a(_udivmoddi4.o)
                0x0000000008000380                __udivmoddi4
 .text          0x0000000008000650        0x4 c:/st/stm32cubeide_1.5.1/stm32cubeide/plugins/com.st.stm32cube.ide.mcu.externaltools.gnu-tools-for-stm32.10.3-2021.10.win32_1.0.0.202111181127/tools/bin/../lib/gcc/arm-none-eabi/10.3.1/thumb/v7e-m+fp/hard\libgcc.a(_dvmd_tls.o)
                0x0000000008000650                __aeabi_idiv0
                0x0000000008000650                __aeabi_ldiv0
 *(.text*)
 .text.HCI_TL_SPI_Enable_IRQ
                0x0000000008000654        0xe ./BlueNRG-2/Target/hci_tl_interface.o
 .text.HCI_TL_SPI_Disable_IRQ
                0x0000000008000662        0xe ./BlueNRG-2/Target/hci_tl_interface.o
 .text.HCI_TL_SPI_Init
                0x0000000008000670       0x98 ./BlueNRG-2/Target/hci_tl_interface.o
                0x0000000008000670                HCI_TL_SPI_Init
 .text.HCI_TL_SPI_DeInit
                0x0000000008000708       0x28 ./BlueNRG-2/Target/hci_tl_interface.o
                0x0000000008000708                HCI_TL_SPI_DeInit
 .text.HCI_TL_SPI_Reset
                0x0000000008000730       0x3c ./BlueNRG-2/Target/hci_tl_interface.o
                0x0000000008000730                HCI_TL_SPI_Reset
 .text.HCI_TL_SPI_Receive
                0x000000000800076c       0xe0 ./BlueNRG-2/Target/hci_tl_interface.o
                0x000000000800076c                HCI_TL_SPI_Receive
 .text.HCI_TL_SPI_Send
                0x000000000800084c      0x118 ./BlueNRG-2/Target/hci_tl_interface.o
                0x000000000800084c                HCI_TL_SPI_Send
 .text.IsDataAvailable
                0x0000000008000964       0x20 ./BlueNRG-2/Target/hci_tl_interface.o
 .text.hci_tl_lowlevel_init
                0x0000000008000984       0x74 ./BlueNRG-2/Target/hci_tl_interface.o
                0x0000000008000984                hci_tl_lowlevel_init
 .text.hci_tl_lowlevel_isr
                0x00000000080009f8       0x22 ./BlueNRG-2/Target/hci_tl_interface.o
                0x00000000080009f8                hci_tl_lowlevel_isr
 *fill*         0x0000000008000a1a        0x2 
 .text.MX_ADC1_Init
                0x0000000008000a1c       0xa8 ./Core/Src/adc.o
                0x0000000008000a1c                MX_ADC1_Init
 .text.HAL_ADC_MspInit
                0x0000000008000ac4       0xec ./Core/Src/adc.o
                0x0000000008000ac4                HAL_ADC_MspInit
 .text.bluenrg_init
                0x0000000008000bb0       0xe0 ./Core/Src/app_bluenrg.o
                0x0000000008000bb0                bluenrg_init
 .text.bluenrg_process
                0x0000000008000c90       0x5c ./Core/Src/app_bluenrg.o
                0x0000000008000c90                bluenrg_process
 .text.Set_DeviceConnectable
                0x0000000008000cec       0x60 ./Core/Src/app_bluenrg.o
                0x0000000008000cec                Set_DeviceConnectable
 .text.MX_DMA_Init
                0x0000000008000d4c       0x6c ./Core/Src/dma.o
                0x0000000008000d4c                MX_DMA_Init
 .text.MX_GPIO_Init
                0x0000000008000db8      0x160 ./Core/Src/gpio.o
                0x0000000008000db8                MX_GPIO_Init
 .text.__io_putchar
                0x0000000008000f18       0x24 ./Core/Src/main.o
                0x0000000008000f18                __io_putchar
 .text.main     0x0000000008000f3c       0xa4 ./Core/Src/main.o
                0x0000000008000f3c                main
 .text.SystemClock_Config
                0x0000000008000fe0       0xd0 ./Core/Src/main.o
                0x0000000008000fe0                SystemClock_Config
 .text.HAL_ADC_ConvCpltCallback
                0x00000000080010b0       0x3c ./Core/Src/main.o
                0x00000000080010b0                HAL_ADC_ConvCpltCallback
 .text.complexABS
                0x00000000080010ec       0x38 ./Core/Src/main.o
                0x00000000080010ec                complexABS
 .text.CalculateFFT
                0x0000000008001124      0x1c8 ./Core/Src/main.o
                0x0000000008001124                CalculateFFT
 .text.Error_Handler
                0x00000000080012ec        0xa ./Core/Src/main.o
                0x00000000080012ec                Error_Handler
 *fill*         0x00000000080012f6        0x2 
 .text.add_simple_service
                0x00000000080012f8       0x7c ./Core/Src/service.o
                0x00000000080012f8                add_simple_service
 .text.update_data
                0x0000000008001374       0x44 ./Core/Src/service.o
                0x0000000008001374                update_data
 .text.Read_Request_CB
                0x00000000080013b8       0x38 ./Core/Src/service.o
                0x00000000080013b8                Read_Request_CB
 .text.FFT_Update
                0x00000000080013f0       0x70 ./Core/Src/service.o
                0x00000000080013f0                FFT_Update
 .text.aci_gatt_read_permit_req_event
                0x0000000008001460       0x22 ./Core/Src/service.o
                0x0000000008001460                aci_gatt_read_permit_req_event
 *fill*         0x0000000008001482        0x2 
 .text.hci_le_connection_complete_event
                0x0000000008001484       0x3c ./Core/Src/service.o
                0x0000000008001484                hci_le_connection_complete_event
 .text.hci_disconnection_complete_event
                0x00000000080014c0       0x44 ./Core/Src/service.o
                0x00000000080014c0                hci_disconnection_complete_event
 .text.APP_UserEvtRx
                0x0000000008001504       0xf0 ./Core/Src/service.o
                0x0000000008001504                APP_UserEvtRx
 .text.HAL_MspInit
                0x00000000080015f4       0x50 ./Core/Src/stm32f4xx_hal_msp.o
                0x00000000080015f4                HAL_MspInit
 .text.NMI_Handler
                0x0000000008001644        0x6 ./Core/Src/stm32f4xx_it.o
                0x0000000008001644                NMI_Handler
 .text.HardFault_Handler
                0x000000000800164a        0x6 ./Core/Src/stm32f4xx_it.o
                0x000000000800164a                HardFault_Handler
 .text.MemManage_Handler
                0x0000000008001650        0x6 ./Core/Src/stm32f4xx_it.o
                0x0000000008001650                MemManage_Handler
 .text.BusFault_Handler
                0x0000000008001656        0x6 ./Core/Src/stm32f4xx_it.o
                0x0000000008001656                BusFault_Handler
 .text.UsageFault_Handler
                0x000000000800165c        0x6 ./Core/Src/stm32f4xx_it.o
                0x000000000800165c                UsageFault_Handler
 .text.SVC_Handler
                0x0000000008001662        0xe ./Core/Src/stm32f4xx_it.o
                0x0000000008001662                SVC_Handler
 .text.DebugMon_Handler
                0x0000000008001670        0xe ./Core/Src/stm32f4xx_it.o
                0x0000000008001670                DebugMon_Handler
 .text.PendSV_Handler
                0x000000000800167e        0xe ./Core/Src/stm32f4xx_it.o
                0x000000000800167e                PendSV_Handler
 .text.SysTick_Handler
                0x000000000800168c        0xc ./Core/Src/stm32f4xx_it.o
                0x000000000800168c                SysTick_Handler
 .text.EXTI0_IRQHandler
                0x0000000008001698       0x14 ./Core/Src/stm32f4xx_it.o
                0x0000000008001698                EXTI0_IRQHandler
 .text.DMA1_Stream6_IRQHandler
                0x00000000080016ac       0x20 ./Core/Src/stm32f4xx_it.o
                0x00000000080016ac                DMA1_Stream6_IRQHandler
 .text.USART2_IRQHandler
                0x00000000080016cc       0x14 ./Core/Src/stm32f4xx_it.o
                0x00000000080016cc                USART2_IRQHandler
 .text.EXTI15_10_IRQHandler
                0x00000000080016e0       0x10 ./Core/Src/stm32f4xx_it.o
                0x00000000080016e0                EXTI15_10_IRQHandler
 .text.DMA2_Stream0_IRQHandler
                0x00000000080016f0       0x20 ./Core/Src/stm32f4xx_it.o
                0x00000000080016f0                DMA2_Stream0_IRQHandler
 .text.BSP_SPI1_Init
                0x0000000008001710       0x60 ./Core/Src/stm32f4xx_nucleo_bus.o
                0x0000000008001710                BSP_SPI1_Init
 .text.BSP_SPI1_SendRecv
                0x0000000008001770       0x40 ./Core/Src/stm32f4xx_nucleo_bus.o
                0x0000000008001770                BSP_SPI1_SendRecv
 .text.BSP_GetTick
                0x00000000080017b0        0xe ./Core/Src/stm32f4xx_nucleo_bus.o
                0x00000000080017b0                BSP_GetTick
 *fill*         0x00000000080017be        0x2 
 .text.MX_SPI1_Init
                0x00000000080017c0       0x78 ./Core/Src/stm32f4xx_nucleo_bus.o
                0x00000000080017c0                MX_SPI1_Init
 .text.SPI1_MspInit
                0x0000000008001838       0xd0 ./Core/Src/stm32f4xx_nucleo_bus.o
 .text._read    0x0000000008001908       0x3a ./Core/Src/syscalls.o
                0x0000000008001908                _read
 .text._write   0x0000000008001942       0x38 ./Core/Src/syscalls.o
                0x0000000008001942                _write
 .text._close   0x000000000800197a       0x18 ./Core/Src/syscalls.o
                0x000000000800197a                _close
 .text._fstat   0x0000000008001992       0x20 ./Core/Src/syscalls.o
                0x0000000008001992                _fstat
 .text._isatty  0x00000000080019b2       0x16 ./Core/Src/syscalls.o
                0x00000000080019b2                _isatty
 .text._lseek   0x00000000080019c8       0x1a ./Core/Src/syscalls.o
                0x00000000080019c8                _lseek
 *fill*         0x00000000080019e2        0x2 
 .text._sbrk    0x00000000080019e4       0x6c ./Core/Src/sysmem.o
                0x00000000080019e4                _sbrk
 .text.SystemInit
                0x0000000008001a50       0x24 ./Core/Src/system_stm32f4xx.o
                0x0000000008001a50                SystemInit
 .text.MX_USART2_UART_Init
                0x0000000008001a74       0x54 ./Core/Src/usart.o
                0x0000000008001a74                MX_USART2_UART_Init
 .text.MX_USART6_UART_Init
                0x0000000008001ac8       0x54 ./Core/Src/usart.o
                0x0000000008001ac8                MX_USART6_UART_Init
 .text.HAL_UART_MspInit
                0x0000000008001b1c      0x170 ./Core/Src/usart.o
                0x0000000008001b1c                HAL_UART_MspInit
 .text.Reset_Handler
                0x0000000008001c8c       0x50 ./Core/Startup/startup_stm32f411retx.o
                0x0000000008001c8c                Reset_Handler
 .text.Default_Handler
                0x0000000008001cdc        0x2 ./Core/Startup/startup_stm32f411retx.o
                0x0000000008001cdc                RTC_Alarm_IRQHandler
                0x0000000008001cdc                EXTI2_IRQHandler
                0x0000000008001cdc                SPI4_IRQHandler
                0x0000000008001cdc                TIM1_CC_IRQHandler
                0x0000000008001cdc                DMA2_Stream5_IRQHandler
                0x0000000008001cdc                DMA1_Stream5_IRQHandler
                0x0000000008001cdc                PVD_IRQHandler
                0x0000000008001cdc                SDIO_IRQHandler
                0x0000000008001cdc                TAMP_STAMP_IRQHandler
                0x0000000008001cdc                EXTI3_IRQHandler
                0x0000000008001cdc                TIM1_UP_TIM10_IRQHandler
                0x0000000008001cdc                I2C3_ER_IRQHandler
                0x0000000008001cdc                I2C2_EV_IRQHandler
                0x0000000008001cdc                DMA1_Stream2_IRQHandler
                0x0000000008001cdc                FPU_IRQHandler
                0x0000000008001cdc                DMA2_Stream2_IRQHandler
                0x0000000008001cdc                SPI1_IRQHandler
                0x0000000008001cdc                TIM1_BRK_TIM9_IRQHandler
                0x0000000008001cdc                DMA2_Stream3_IRQHandler
                0x0000000008001cdc                USART6_IRQHandler
                0x0000000008001cdc                TIM4_IRQHandler
                0x0000000008001cdc                I2C1_EV_IRQHandler
                0x0000000008001cdc                DMA1_Stream1_IRQHandler
                0x0000000008001cdc                TIM3_IRQHandler
                0x0000000008001cdc                RCC_IRQHandler
                0x0000000008001cdc                Default_Handler
                0x0000000008001cdc                ADC_IRQHandler
                0x0000000008001cdc                DMA1_Stream7_IRQHandler
                0x0000000008001cdc                SPI5_IRQHandler
                0x0000000008001cdc                TIM5_IRQHandler
                0x0000000008001cdc                DMA2_Stream7_IRQHandler
                0x0000000008001cdc                I2C3_EV_IRQHandler
                0x0000000008001cdc                EXTI9_5_IRQHandler
                0x0000000008001cdc                RTC_WKUP_IRQHandler
                0x0000000008001cdc                SPI2_IRQHandler
                0x0000000008001cdc                DMA1_Stream0_IRQHandler
                0x0000000008001cdc                EXTI4_IRQHandler
                0x0000000008001cdc                WWDG_IRQHandler
                0x0000000008001cdc                TIM2_IRQHandler
                0x0000000008001cdc                OTG_FS_WKUP_IRQHandler
                0x0000000008001cdc                TIM1_TRG_COM_TIM11_IRQHandler
                0x0000000008001cdc                EXTI1_IRQHandler
                0x0000000008001cdc                I2C2_ER_IRQHandler
                0x0000000008001cdc                DMA2_Stream1_IRQHandler
                0x0000000008001cdc                FLASH_IRQHandler
                0x0000000008001cdc                DMA2_Stream4_IRQHandler
                0x0000000008001cdc                USART1_IRQHandler
                0x0000000008001cdc                OTG_FS_IRQHandler
                0x0000000008001cdc                SPI3_IRQHandler
                0x0000000008001cdc                DMA1_Stream4_IRQHandler
                0x0000000008001cdc                I2C1_ER_IRQHandler
                0x0000000008001cdc                DMA2_Stream6_IRQHandler
                0x0000000008001cdc                DMA1_Stream3_IRQHandler
 *fill*         0x0000000008001cde        0x2 
 .text.HAL_Init
                0x0000000008001ce0       0x44 ./Drivers/STM32F4xx_HAL_Driver/Src/stm32f4xx_hal.o
                0x0000000008001ce0                HAL_Init
 .text.HAL_InitTick
                0x0000000008001d24       0x60 ./Drivers/STM32F4xx_HAL_Driver/Src/stm32f4xx_hal.o
                0x0000000008001d24                HAL_InitTick
 .text.HAL_IncTick
                0x0000000008001d84       0x28 ./Drivers/STM32F4xx_HAL_Driver/Src/stm32f4xx_hal.o
                0x0000000008001d84                HAL_IncTick
 .text.HAL_GetTick
                0x0000000008001dac       0x18 ./Drivers/STM32F4xx_HAL_Driver/Src/stm32f4xx_hal.o
                0x0000000008001dac                HAL_GetTick
 .text.HAL_Delay
                0x0000000008001dc4       0x48 ./Drivers/STM32F4xx_HAL_Driver/Src/stm32f4xx_hal.o
                0x0000000008001dc4                HAL_Delay
 .text.HAL_ADC_Init
                0x0000000008001e0c       0x86 ./Drivers/STM32F4xx_HAL_Driver/Src/stm32f4xx_hal_adc.o
                0x0000000008001e0c                HAL_ADC_Init
 *fill*         0x0000000008001e92        0x2 
 .text.HAL_ADC_Start_DMA
                0x0000000008001e94      0x1e0 ./Drivers/STM32F4xx_HAL_Driver/Src/stm32f4xx_hal_adc.o
                0x0000000008001e94                HAL_ADC_Start_DMA
 .text.HAL_ADC_ConvHalfCpltCallback
                0x0000000008002074       0x14 ./Drivers/STM32F4xx_HAL_Driver/Src/stm32f4xx_hal_adc.o
                0x0000000008002074                HAL_ADC_ConvHalfCpltCallback
 .text.HAL_ADC_ErrorCallback
                0x0000000008002088       0x14 ./Drivers/STM32F4xx_HAL_Driver/Src/stm32f4xx_hal_adc.o
                0x0000000008002088                HAL_ADC_ErrorCallback
 .text.HAL_ADC_ConfigChannel
                0x000000000800209c      0x264 ./Drivers/STM32F4xx_HAL_Driver/Src/stm32f4xx_hal_adc.o
                0x000000000800209c                HAL_ADC_ConfigChannel
 .text.ADC_Init
                0x0000000008002300      0x1f8 ./Drivers/STM32F4xx_HAL_Driver/Src/stm32f4xx_hal_adc.o
 .text.ADC_DMAConvCplt
                0x00000000080024f8       0xba ./Drivers/STM32F4xx_HAL_Driver/Src/stm32f4xx_hal_adc.o
 .text.ADC_DMAHalfConvCplt
                0x00000000080025b2       0x1c ./Drivers/STM32F4xx_HAL_Driver/Src/stm32f4xx_hal_adc.o
 .text.ADC_DMAError
                0x00000000080025ce       0x2e ./Drivers/STM32F4xx_HAL_Driver/Src/stm32f4xx_hal_adc.o
 .text.__NVIC_SetPriorityGrouping
                0x00000000080025fc       0x48 ./Drivers/STM32F4xx_HAL_Driver/Src/stm32f4xx_hal_cortex.o
 .text.__NVIC_GetPriorityGrouping
                0x0000000008002644       0x1c ./Drivers/STM32F4xx_HAL_Driver/Src/stm32f4xx_hal_cortex.o
 .text.__NVIC_EnableIRQ
                0x0000000008002660       0x3c ./Drivers/STM32F4xx_HAL_Driver/Src/stm32f4xx_hal_cortex.o
 .text.__NVIC_DisableIRQ
                0x000000000800269c       0x48 ./Drivers/STM32F4xx_HAL_Driver/Src/stm32f4xx_hal_cortex.o
 .text.__NVIC_SetPriority
                0x00000000080026e4       0x54 ./Drivers/STM32F4xx_HAL_Driver/Src/stm32f4xx_hal_cortex.o
 .text.NVIC_EncodePriority
                0x0000000008002738       0x66 ./Drivers/STM32F4xx_HAL_Driver/Src/stm32f4xx_hal_cortex.o
 *fill*         0x000000000800279e        0x2 
 .text.SysTick_Config
                0x00000000080027a0       0x44 ./Drivers/STM32F4xx_HAL_Driver/Src/stm32f4xx_hal_cortex.o
 .text.HAL_NVIC_SetPriorityGrouping
                0x00000000080027e4       0x16 ./Drivers/STM32F4xx_HAL_Driver/Src/stm32f4xx_hal_cortex.o
                0x00000000080027e4                HAL_NVIC_SetPriorityGrouping
 .text.HAL_NVIC_SetPriority
                0x00000000080027fa       0x38 ./Drivers/STM32F4xx_HAL_Driver/Src/stm32f4xx_hal_cortex.o
                0x00000000080027fa                HAL_NVIC_SetPriority
 .text.HAL_NVIC_EnableIRQ
                0x0000000008002832       0x1c ./Drivers/STM32F4xx_HAL_Driver/Src/stm32f4xx_hal_cortex.o
                0x0000000008002832                HAL_NVIC_EnableIRQ
 .text.HAL_NVIC_DisableIRQ
                0x000000000800284e       0x1c ./Drivers/STM32F4xx_HAL_Driver/Src/stm32f4xx_hal_cortex.o
                0x000000000800284e                HAL_NVIC_DisableIRQ
 .text.HAL_SYSTICK_Config
                0x000000000800286a       0x18 ./Drivers/STM32F4xx_HAL_Driver/Src/stm32f4xx_hal_cortex.o
                0x000000000800286a                HAL_SYSTICK_Config
 *fill*         0x0000000008002882        0x2 
 .text.HAL_DMA_Init
                0x0000000008002884      0x15c ./Drivers/STM32F4xx_HAL_Driver/Src/stm32f4xx_hal_dma.o
                0x0000000008002884                HAL_DMA_Init
 .text.HAL_DMA_Start_IT
                0x00000000080029e0       0xb0 ./Drivers/STM32F4xx_HAL_Driver/Src/stm32f4xx_hal_dma.o
                0x00000000080029e0                HAL_DMA_Start_IT
 .text.HAL_DMA_Abort
                0x0000000008002a90       0xe0 ./Drivers/STM32F4xx_HAL_Driver/Src/stm32f4xx_hal_dma.o
                0x0000000008002a90                HAL_DMA_Abort
 .text.HAL_DMA_Abort_IT
                0x0000000008002b70       0x44 ./Drivers/STM32F4xx_HAL_Driver/Src/stm32f4xx_hal_dma.o
                0x0000000008002b70                HAL_DMA_Abort_IT
 .text.HAL_DMA_IRQHandler
                0x0000000008002bb4      0x314 ./Drivers/STM32F4xx_HAL_Driver/Src/stm32f4xx_hal_dma.o
                0x0000000008002bb4                HAL_DMA_IRQHandler
 .text.DMA_SetConfig
                0x0000000008002ec8       0x5c ./Drivers/STM32F4xx_HAL_Driver/Src/stm32f4xx_hal_dma.o
 .text.DMA_CalcBaseAndBitshift
                0x0000000008002f24       0x6c ./Drivers/STM32F4xx_HAL_Driver/Src/stm32f4xx_hal_dma.o
 .text.DMA_CheckFifoParam
                0x0000000008002f90       0xf8 ./Drivers/STM32F4xx_HAL_Driver/Src/stm32f4xx_hal_dma.o
 .text.HAL_EXTI_RegisterCallback
                0x0000000008003088       0x34 ./Drivers/STM32F4xx_HAL_Driver/Src/stm32f4xx_hal_exti.o
                0x0000000008003088                HAL_EXTI_RegisterCallback
 .text.HAL_EXTI_GetHandle
                0x00000000080030bc       0x28 ./Drivers/STM32F4xx_HAL_Driver/Src/stm32f4xx_hal_exti.o
                0x00000000080030bc                HAL_EXTI_GetHandle
 .text.HAL_EXTI_IRQHandler
                0x00000000080030e4       0x48 ./Drivers/STM32F4xx_HAL_Driver/Src/stm32f4xx_hal_exti.o
                0x00000000080030e4                HAL_EXTI_IRQHandler
 .text.HAL_GPIO_Init
                0x000000000800312c      0x308 ./Drivers/STM32F4xx_HAL_Driver/Src/stm32f4xx_hal_gpio.o
                0x000000000800312c                HAL_GPIO_Init
 .text.HAL_GPIO_DeInit
                0x0000000008003434      0x1c8 ./Drivers/STM32F4xx_HAL_Driver/Src/stm32f4xx_hal_gpio.o
                0x0000000008003434                HAL_GPIO_DeInit
 .text.HAL_GPIO_ReadPin
                0x00000000080035fc       0x30 ./Drivers/STM32F4xx_HAL_Driver/Src/stm32f4xx_hal_gpio.o
                0x00000000080035fc                HAL_GPIO_ReadPin
 .text.HAL_GPIO_WritePin
                0x000000000800362c       0x32 ./Drivers/STM32F4xx_HAL_Driver/Src/stm32f4xx_hal_gpio.o
                0x000000000800362c                HAL_GPIO_WritePin
 .text.HAL_GPIO_TogglePin
                0x000000000800365e       0x34 ./Drivers/STM32F4xx_HAL_Driver/Src/stm32f4xx_hal_gpio.o
                0x000000000800365e                HAL_GPIO_TogglePin
 *fill*         0x0000000008003692        0x2 
 .text.HAL_GPIO_EXTI_IRQHandler
                0x0000000008003694       0x30 ./Drivers/STM32F4xx_HAL_Driver/Src/stm32f4xx_hal_gpio.o
                0x0000000008003694                HAL_GPIO_EXTI_IRQHandler
 .text.HAL_GPIO_EXTI_Callback
                0x00000000080036c4       0x16 ./Drivers/STM32F4xx_HAL_Driver/Src/stm32f4xx_hal_gpio.o
                0x00000000080036c4                HAL_GPIO_EXTI_Callback
 *fill*         0x00000000080036da        0x2 
 .text.HAL_RCC_OscConfig
                0x00000000080036dc      0x4f0 ./Drivers/STM32F4xx_HAL_Driver/Src/stm32f4xx_hal_rcc.o
                0x00000000080036dc                HAL_RCC_OscConfig
 .text.HAL_RCC_ClockConfig
                0x0000000008003bcc      0x1cc ./Drivers/STM32F4xx_HAL_Driver/Src/stm32f4xx_hal_rcc.o
                0x0000000008003bcc                HAL_RCC_ClockConfig
 .text.HAL_RCC_GetSysClockFreq
                0x0000000008003d98      0x20c ./Drivers/STM32F4xx_HAL_Driver/Src/stm32f4xx_hal_rcc.o
                0x0000000008003d98                HAL_RCC_GetSysClockFreq
 .text.HAL_RCC_GetHCLKFreq
                0x0000000008003fa4       0x18 ./Drivers/STM32F4xx_HAL_Driver/Src/stm32f4xx_hal_rcc.o
                0x0000000008003fa4                HAL_RCC_GetHCLKFreq
 .text.HAL_RCC_GetPCLK1Freq
                0x0000000008003fbc       0x28 ./Drivers/STM32F4xx_HAL_Driver/Src/stm32f4xx_hal_rcc.o
                0x0000000008003fbc                HAL_RCC_GetPCLK1Freq
 .text.HAL_RCC_GetPCLK2Freq
                0x0000000008003fe4       0x28 ./Drivers/STM32F4xx_HAL_Driver/Src/stm32f4xx_hal_rcc.o
                0x0000000008003fe4                HAL_RCC_GetPCLK2Freq
 .text.HAL_SPI_Init
                0x000000000800400c      0x112 ./Drivers/STM32F4xx_HAL_Driver/Src/stm32f4xx_hal_spi.o
                0x000000000800400c                HAL_SPI_Init
 .text.HAL_SPI_MspInit
                0x000000000800411e       0x14 ./Drivers/STM32F4xx_HAL_Driver/Src/stm32f4xx_hal_spi.o
                0x000000000800411e                HAL_SPI_MspInit
 .text.HAL_SPI_TransmitReceive
                0x0000000008004132      0x344 ./Drivers/STM32F4xx_HAL_Driver/Src/stm32f4xx_hal_spi.o
                0x0000000008004132                HAL_SPI_TransmitReceive
 .text.HAL_SPI_GetState
                0x0000000008004476       0x1c ./Drivers/STM32F4xx_HAL_Driver/Src/stm32f4xx_hal_spi.o
                0x0000000008004476                HAL_SPI_GetState
 *fill*         0x0000000008004492        0x2 
 .text.SPI_WaitFlagStateUntilTimeout
                0x0000000008004494      0x110 ./Drivers/STM32F4xx_HAL_Driver/Src/stm32f4xx_hal_spi.o
 .text.SPI_EndRxTxTransaction
                0x00000000080045a4       0x84 ./Drivers/STM32F4xx_HAL_Driver/Src/stm32f4xx_hal_spi.o
 .text.HAL_UART_Init
                0x0000000008004628       0x9a ./Drivers/STM32F4xx_HAL_Driver/Src/stm32f4xx_hal_uart.o
                0x0000000008004628                HAL_UART_Init
 .text.HAL_UART_Transmit
                0x00000000080046c2      0x124 ./Drivers/STM32F4xx_HAL_Driver/Src/stm32f4xx_hal_uart.o
                0x00000000080046c2                HAL_UART_Transmit
 *fill*         0x00000000080047e6        0x2 
 .text.HAL_UART_Transmit_DMA
                0x00000000080047e8       0xfc ./Drivers/STM32F4xx_HAL_Driver/Src/stm32f4xx_hal_uart.o
                0x00000000080047e8                HAL_UART_Transmit_DMA
 .text.HAL_UART_IRQHandler
                0x00000000080048e4      0x51c ./Drivers/STM32F4xx_HAL_Driver/Src/stm32f4xx_hal_uart.o
                0x00000000080048e4                HAL_UART_IRQHandler
 .text.HAL_UART_TxCpltCallback
                0x0000000008004e00       0x14 ./Drivers/STM32F4xx_HAL_Driver/Src/stm32f4xx_hal_uart.o
                0x0000000008004e00                HAL_UART_TxCpltCallback
 .text.HAL_UART_TxHalfCpltCallback
                0x0000000008004e14       0x14 ./Drivers/STM32F4xx_HAL_Driver/Src/stm32f4xx_hal_uart.o
                0x0000000008004e14                HAL_UART_TxHalfCpltCallback
 .text.HAL_UART_RxCpltCallback
                0x0000000008004e28       0x14 ./Drivers/STM32F4xx_HAL_Driver/Src/stm32f4xx_hal_uart.o
                0x0000000008004e28                HAL_UART_RxCpltCallback
 .text.HAL_UART_ErrorCallback
                0x0000000008004e3c       0x14 ./Drivers/STM32F4xx_HAL_Driver/Src/stm32f4xx_hal_uart.o
                0x0000000008004e3c                HAL_UART_ErrorCallback
 .text.HAL_UARTEx_RxEventCallback
                0x0000000008004e50       0x18 ./Drivers/STM32F4xx_HAL_Driver/Src/stm32f4xx_hal_uart.o
                0x0000000008004e50                HAL_UARTEx_RxEventCallback
 .text.UART_DMATransmitCplt
                0x0000000008004e68       0x9a ./Drivers/STM32F4xx_HAL_Driver/Src/stm32f4xx_hal_uart.o
 .text.UART_DMATxHalfCplt
                0x0000000008004f02       0x1c ./Drivers/STM32F4xx_HAL_Driver/Src/stm32f4xx_hal_uart.o
 .text.UART_DMAError
                0x0000000008004f1e       0x94 ./Drivers/STM32F4xx_HAL_Driver/Src/stm32f4xx_hal_uart.o
 .text.UART_WaitOnFlagUntilTimeout
                0x0000000008004fb2       0xdc ./Drivers/STM32F4xx_HAL_Driver/Src/stm32f4xx_hal_uart.o
 .text.UART_EndTxTransfer
                0x000000000800508e       0x50 ./Drivers/STM32F4xx_HAL_Driver/Src/stm32f4xx_hal_uart.o
 .text.UART_EndRxTransfer
                0x00000000080050de       0xc6 ./Drivers/STM32F4xx_HAL_Driver/Src/stm32f4xx_hal_uart.o
 .text.UART_DMAAbortOnError
                0x00000000080051a4       0x28 ./Drivers/STM32F4xx_HAL_Driver/Src/stm32f4xx_hal_uart.o
 .text.UART_Transmit_IT
                0x00000000080051cc       0xa0 ./Drivers/STM32F4xx_HAL_Driver/Src/stm32f4xx_hal_uart.o
 .text.UART_EndTransmit_IT
                0x000000000800526c       0x30 ./Drivers/STM32F4xx_HAL_Driver/Src/stm32f4xx_hal_uart.o
 .text.UART_Receive_IT
                0x000000000800529c      0x176 ./Drivers/STM32F4xx_HAL_Driver/Src/stm32f4xx_hal_uart.o
 *fill*         0x0000000008005412        0x2 
 .text.UART_SetConfig
                0x0000000008005414      0x4e8 ./Drivers/STM32F4xx_HAL_Driver/Src/stm32f4xx_hal_uart.o
 .text.hci_disconnection_complete_event_process
                0x00000000080058fc       0x30 ./Middlewares/ST/BlueNRG-2/hci/bluenrg1_events.o
                0x00000000080058fc                hci_disconnection_complete_event_process
 .text.hci_encryption_change_event_process
                0x000000000800592c       0x30 ./Middlewares/ST/BlueNRG-2/hci/bluenrg1_events.o
                0x000000000800592c                hci_encryption_change_event_process
 .text.hci_read_remote_version_information_complete_event_process
                0x000000000800595c       0x3e ./Middlewares/ST/BlueNRG-2/hci/bluenrg1_events.o
                0x000000000800595c                hci_read_remote_version_information_complete_event_process
 .text.hci_hardware_error_event_process
                0x000000000800599a       0x24 ./Middlewares/ST/BlueNRG-2/hci/bluenrg1_events.o
                0x000000000800599a                hci_hardware_error_event_process
 .text.hci_number_of_completed_packets_event_process
                0x00000000080059be       0xae ./Middlewares/ST/BlueNRG-2/hci/bluenrg1_events.o
                0x00000000080059be                hci_number_of_completed_packets_event_process
 .text.hci_data_buffer_overflow_event_process
                0x0000000008005a6c       0x24 ./Middlewares/ST/BlueNRG-2/hci/bluenrg1_events.o
                0x0000000008005a6c                hci_data_buffer_overflow_event_process
 .text.hci_encryption_key_refresh_complete_event_process
                0x0000000008005a90       0x2e ./Middlewares/ST/BlueNRG-2/hci/bluenrg1_events.o
                0x0000000008005a90                hci_encryption_key_refresh_complete_event_process
 .text.aci_blue_initialized_event_process
                0x0000000008005abe       0x24 ./Middlewares/ST/BlueNRG-2/hci/bluenrg1_events.o
                0x0000000008005abe                aci_blue_initialized_event_process
 .text.aci_blue_events_lost_event_process
                0x0000000008005ae2       0x22 ./Middlewares/ST/BlueNRG-2/hci/bluenrg1_events.o
                0x0000000008005ae2                aci_blue_events_lost_event_process
 .text.aci_blue_crash_info_event_process
                0x0000000008005b04       0x84 ./Middlewares/ST/BlueNRG-2/hci/bluenrg1_events.o
                0x0000000008005b04                aci_blue_crash_info_event_process
 .text.aci_hal_end_of_radio_activity_event_process
                0x0000000008005b88       0x2e ./Middlewares/ST/BlueNRG-2/hci/bluenrg1_events.o
                0x0000000008005b88                aci_hal_end_of_radio_activity_event_process
 .text.aci_hal_scan_req_report_event_process
                0x0000000008005bb6       0x2e ./Middlewares/ST/BlueNRG-2/hci/bluenrg1_events.o
                0x0000000008005bb6                aci_hal_scan_req_report_event_process
 .text.aci_hal_fw_error_event_process
                0x0000000008005be4       0x2c ./Middlewares/ST/BlueNRG-2/hci/bluenrg1_events.o
                0x0000000008005be4                aci_hal_fw_error_event_process
 .text.aci_gap_limited_discoverable_event_process
                0x0000000008005c10       0x1a ./Middlewares/ST/BlueNRG-2/hci/bluenrg1_events.o
                0x0000000008005c10                aci_gap_limited_discoverable_event_process
 .text.aci_gap_pairing_complete_event_process
                0x0000000008005c2a       0x2e ./Middlewares/ST/BlueNRG-2/hci/bluenrg1_events.o
                0x0000000008005c2a                aci_gap_pairing_complete_event_process
 .text.aci_gap_pass_key_req_event_process
                0x0000000008005c58       0x26 ./Middlewares/ST/BlueNRG-2/hci/bluenrg1_events.o
                0x0000000008005c58                aci_gap_pass_key_req_event_process
 .text.aci_gap_authorization_req_event_process
                0x0000000008005c7e       0x26 ./Middlewares/ST/BlueNRG-2/hci/bluenrg1_events.o
                0x0000000008005c7e                aci_gap_authorization_req_event_process
 .text.aci_gap_slave_security_initiated_event_process
                0x0000000008005ca4       0x1a ./Middlewares/ST/BlueNRG-2/hci/bluenrg1_events.o
                0x0000000008005ca4                aci_gap_slave_security_initiated_event_process
 .text.aci_gap_bond_lost_event_process
                0x0000000008005cbe       0x1a ./Middlewares/ST/BlueNRG-2/hci/bluenrg1_events.o
                0x0000000008005cbe                aci_gap_bond_lost_event_process
 .text.aci_gap_proc_complete_event_process
                0x0000000008005cd8       0x2e ./Middlewares/ST/BlueNRG-2/hci/bluenrg1_events.o
                0x0000000008005cd8                aci_gap_proc_complete_event_process
 .text.aci_gap_addr_not_resolved_event_process
                0x0000000008005d06       0x26 ./Middlewares/ST/BlueNRG-2/hci/bluenrg1_events.o
                0x0000000008005d06                aci_gap_addr_not_resolved_event_process
 .text.aci_gap_numeric_comparison_value_event_process
                0x0000000008005d2c       0x2e ./Middlewares/ST/BlueNRG-2/hci/bluenrg1_events.o
                0x0000000008005d2c                aci_gap_numeric_comparison_value_event_process
 .text.aci_gap_keypress_notification_event_process
                0x0000000008005d5a       0x2c ./Middlewares/ST/BlueNRG-2/hci/bluenrg1_events.o
                0x0000000008005d5a                aci_gap_keypress_notification_event_process
 .text.aci_l2cap_connection_update_resp_event_process
                0x0000000008005d86       0x2e ./Middlewares/ST/BlueNRG-2/hci/bluenrg1_events.o
                0x0000000008005d86                aci_l2cap_connection_update_resp_event_process
 .text.aci_l2cap_proc_timeout_event_process
                0x0000000008005db4       0x2e ./Middlewares/ST/BlueNRG-2/hci/bluenrg1_events.o
                0x0000000008005db4                aci_l2cap_proc_timeout_event_process
 .text.aci_l2cap_connection_update_req_event_process
                0x0000000008005de2       0x5c ./Middlewares/ST/BlueNRG-2/hci/bluenrg1_events.o
                0x0000000008005de2                aci_l2cap_connection_update_req_event_process
 .text.aci_l2cap_command_reject_event_process
                0x0000000008005e3e       0x3c ./Middlewares/ST/BlueNRG-2/hci/bluenrg1_events.o
                0x0000000008005e3e                aci_l2cap_command_reject_event_process
 .text.aci_gatt_attribute_modified_event_process
                0x0000000008005e7a       0x3e ./Middlewares/ST/BlueNRG-2/hci/bluenrg1_events.o
                0x0000000008005e7a                aci_gatt_attribute_modified_event_process
 .text.aci_gatt_proc_timeout_event_process
                0x0000000008005eb8       0x26 ./Middlewares/ST/BlueNRG-2/hci/bluenrg1_events.o
                0x0000000008005eb8                aci_gatt_proc_timeout_event_process
 .text.aci_att_exchange_mtu_resp_event_process
                0x0000000008005ede       0x2e ./Middlewares/ST/BlueNRG-2/hci/bluenrg1_events.o
                0x0000000008005ede                aci_att_exchange_mtu_resp_event_process
 .text.aci_att_find_info_resp_event_process
                0x0000000008005f0c       0x30 ./Middlewares/ST/BlueNRG-2/hci/bluenrg1_events.o
                0x0000000008005f0c                aci_att_find_info_resp_event_process
 .text.aci_att_find_by_type_value_resp_event_process
                0x0000000008005f3c       0xb4 ./Middlewares/ST/BlueNRG-2/hci/bluenrg1_events.o
                0x0000000008005f3c                aci_att_find_by_type_value_resp_event_process
 .text.aci_att_read_by_type_resp_event_process
                0x0000000008005ff0       0x30 ./Middlewares/ST/BlueNRG-2/hci/bluenrg1_events.o
                0x0000000008005ff0                aci_att_read_by_type_resp_event_process
 .text.aci_att_read_resp_event_process
                0x0000000008006020       0x2e ./Middlewares/ST/BlueNRG-2/hci/bluenrg1_events.o
                0x0000000008006020                aci_att_read_resp_event_process
 .text.aci_att_read_blob_resp_event_process
                0x000000000800604e       0x2e ./Middlewares/ST/BlueNRG-2/hci/bluenrg1_events.o
                0x000000000800604e                aci_att_read_blob_resp_event_process
 .text.aci_att_read_multiple_resp_event_process
                0x000000000800607c       0x2e ./Middlewares/ST/BlueNRG-2/hci/bluenrg1_events.o
                0x000000000800607c                aci_att_read_multiple_resp_event_process
 .text.aci_att_read_by_group_type_resp_event_process
                0x00000000080060aa       0x30 ./Middlewares/ST/BlueNRG-2/hci/bluenrg1_events.o
                0x00000000080060aa                aci_att_read_by_group_type_resp_event_process
 .text.aci_att_prepare_write_resp_event_process
                0x00000000080060da       0x3c ./Middlewares/ST/BlueNRG-2/hci/bluenrg1_events.o
                0x00000000080060da                aci_att_prepare_write_resp_event_process
 .text.aci_att_exec_write_resp_event_process
                0x0000000008006116       0x26 ./Middlewares/ST/BlueNRG-2/hci/bluenrg1_events.o
                0x0000000008006116                aci_att_exec_write_resp_event_process
 .text.aci_gatt_indication_event_process
                0x000000000800613c       0x32 ./Middlewares/ST/BlueNRG-2/hci/bluenrg1_events.o
                0x000000000800613c                aci_gatt_indication_event_process
 .text.aci_gatt_notification_event_process
                0x000000000800616e       0x32 ./Middlewares/ST/BlueNRG-2/hci/bluenrg1_events.o
                0x000000000800616e                aci_gatt_notification_event_process
 .text.aci_gatt_proc_complete_event_process
                0x00000000080061a0       0x2c ./Middlewares/ST/BlueNRG-2/hci/bluenrg1_events.o
                0x00000000080061a0                aci_gatt_proc_complete_event_process
 .text.aci_gatt_error_resp_event_process
                0x00000000080061cc       0x34 ./Middlewares/ST/BlueNRG-2/hci/bluenrg1_events.o
                0x00000000080061cc                aci_gatt_error_resp_event_process
 .text.aci_gatt_disc_read_char_by_uuid_resp_event_process
                0x0000000008006200       0x32 ./Middlewares/ST/BlueNRG-2/hci/bluenrg1_events.o
                0x0000000008006200                aci_gatt_disc_read_char_by_uuid_resp_event_process
 .text.aci_gatt_write_permit_req_event_process
                0x0000000008006232       0x32 ./Middlewares/ST/BlueNRG-2/hci/bluenrg1_events.o
                0x0000000008006232                aci_gatt_write_permit_req_event_process
 .text.aci_gatt_read_permit_req_event_process
                0x0000000008006264       0x32 ./Middlewares/ST/BlueNRG-2/hci/bluenrg1_events.o
                0x0000000008006264                aci_gatt_read_permit_req_event_process
 .text.aci_gatt_read_multi_permit_req_event_process
                0x0000000008006296       0x8a ./Middlewares/ST/BlueNRG-2/hci/bluenrg1_events.o
                0x0000000008006296                aci_gatt_read_multi_permit_req_event_process
 .text.aci_gatt_tx_pool_available_event_process
                0x0000000008006320       0x2e ./Middlewares/ST/BlueNRG-2/hci/bluenrg1_events.o
                0x0000000008006320                aci_gatt_tx_pool_available_event_process
 .text.aci_gatt_server_confirmation_event_process
                0x000000000800634e       0x26 ./Middlewares/ST/BlueNRG-2/hci/bluenrg1_events.o
                0x000000000800634e                aci_gatt_server_confirmation_event_process
 .text.aci_gatt_prepare_write_permit_req_event_process
                0x0000000008006374       0x3c ./Middlewares/ST/BlueNRG-2/hci/bluenrg1_events.o
                0x0000000008006374                aci_gatt_prepare_write_permit_req_event_process
 .text.hci_le_connection_complete_event_process
                0x00000000080063b0       0x68 ./Middlewares/ST/BlueNRG-2/hci/bluenrg1_events.o
                0x00000000080063b0                hci_le_connection_complete_event_process
 .text.hci_le_advertising_report_event_process
                0x0000000008006418      0x1ba ./Middlewares/ST/BlueNRG-2/hci/bluenrg1_events.o
                0x0000000008006418                hci_le_advertising_report_event_process
 .text.hci_le_connection_update_complete_event_process
                0x00000000080065d2       0x46 ./Middlewares/ST/BlueNRG-2/hci/bluenrg1_events.o
                0x00000000080065d2                hci_le_connection_update_complete_event_process
 .text.hci_le_read_remote_used_features_complete_event_process
                0x0000000008006618       0x30 ./Middlewares/ST/BlueNRG-2/hci/bluenrg1_events.o
                0x0000000008006618                hci_le_read_remote_used_features_complete_event_process
 .text.hci_le_long_term_key_request_event_process
                0x0000000008006648       0x30 ./Middlewares/ST/BlueNRG-2/hci/bluenrg1_events.o
                0x0000000008006648                hci_le_long_term_key_request_event_process
 .text.hci_le_data_length_change_event_process
                0x0000000008006678       0x40 ./Middlewares/ST/BlueNRG-2/hci/bluenrg1_events.o
                0x0000000008006678                hci_le_data_length_change_event_process
 .text.hci_le_read_local_p256_public_key_complete_event_process
                0x00000000080066b8       0x2a ./Middlewares/ST/BlueNRG-2/hci/bluenrg1_events.o
                0x00000000080066b8                hci_le_read_local_p256_public_key_complete_event_process
 .text.hci_le_generate_dhkey_complete_event_process
                0x00000000080066e2       0x2a ./Middlewares/ST/BlueNRG-2/hci/bluenrg1_events.o
                0x00000000080066e2                hci_le_generate_dhkey_complete_event_process
 .text.hci_le_enhanced_connection_complete_event_process
                0x000000000800670c       0x7c ./Middlewares/ST/BlueNRG-2/hci/bluenrg1_events.o
                0x000000000800670c                hci_le_enhanced_connection_complete_event_process
 .text.hci_le_direct_advertising_report_event_process
                0x0000000008006788      0x15e ./Middlewares/ST/BlueNRG-2/hci/bluenrg1_events.o
                0x0000000008006788                hci_le_direct_advertising_report_event_process
 .text.hci_encryption_change_event
                0x00000000080068e6       0x1e ./Middlewares/ST/BlueNRG-2/hci/bluenrg1_events_cb.o
                0x00000000080068e6                hci_encryption_change_event
 .text.hci_read_remote_version_information_complete_event
                0x0000000008006904       0x28 ./Middlewares/ST/BlueNRG-2/hci/bluenrg1_events_cb.o
                0x0000000008006904                hci_read_remote_version_information_complete_event
 .text.hci_hardware_error_event
                0x000000000800692c       0x16 ./Middlewares/ST/BlueNRG-2/hci/bluenrg1_events_cb.o
                0x000000000800692c                hci_hardware_error_event
 .text.hci_number_of_completed_packets_event
                0x0000000008006942       0x18 ./Middlewares/ST/BlueNRG-2/hci/bluenrg1_events_cb.o
                0x0000000008006942                hci_number_of_completed_packets_event
 .text.hci_data_buffer_overflow_event
                0x000000000800695a       0x16 ./Middlewares/ST/BlueNRG-2/hci/bluenrg1_events_cb.o
                0x000000000800695a                hci_data_buffer_overflow_event
 .text.hci_encryption_key_refresh_complete_event
                0x0000000008006970       0x1c ./Middlewares/ST/BlueNRG-2/hci/bluenrg1_events_cb.o
                0x0000000008006970                hci_encryption_key_refresh_complete_event
 .text.hci_le_advertising_report_event
                0x000000000800698c       0x18 ./Middlewares/ST/BlueNRG-2/hci/bluenrg1_events_cb.o
                0x000000000800698c                hci_le_advertising_report_event
 .text.hci_le_connection_update_complete_event
                0x00000000080069a4       0x28 ./Middlewares/ST/BlueNRG-2/hci/bluenrg1_events_cb.o
                0x00000000080069a4                hci_le_connection_update_complete_event
 .text.hci_le_read_remote_used_features_complete_event
                0x00000000080069cc       0x1c ./Middlewares/ST/BlueNRG-2/hci/bluenrg1_events_cb.o
                0x00000000080069cc                hci_le_read_remote_used_features_complete_event
 .text.hci_le_long_term_key_request_event
                0x00000000080069e8       0x1c ./Middlewares/ST/BlueNRG-2/hci/bluenrg1_events_cb.o
                0x00000000080069e8                hci_le_long_term_key_request_event
 .text.hci_le_data_length_change_event
                0x0000000008006a04       0x28 ./Middlewares/ST/BlueNRG-2/hci/bluenrg1_events_cb.o
                0x0000000008006a04                hci_le_data_length_change_event
 .text.hci_le_read_local_p256_public_key_complete_event
                0x0000000008006a2c       0x18 ./Middlewares/ST/BlueNRG-2/hci/bluenrg1_events_cb.o
                0x0000000008006a2c                hci_le_read_local_p256_public_key_complete_event
 .text.hci_le_generate_dhkey_complete_event
                0x0000000008006a44       0x18 ./Middlewares/ST/BlueNRG-2/hci/bluenrg1_events_cb.o
                0x0000000008006a44                hci_le_generate_dhkey_complete_event
 .text.hci_le_enhanced_connection_complete_event
                0x0000000008006a5c       0x28 ./Middlewares/ST/BlueNRG-2/hci/bluenrg1_events_cb.o
                0x0000000008006a5c                hci_le_enhanced_connection_complete_event
 .text.hci_le_direct_advertising_report_event
                0x0000000008006a84       0x18 ./Middlewares/ST/BlueNRG-2/hci/bluenrg1_events_cb.o
                0x0000000008006a84                hci_le_direct_advertising_report_event
 .text.aci_gap_limited_discoverable_event
                0x0000000008006a9c        0xe ./Middlewares/ST/BlueNRG-2/hci/bluenrg1_events_cb.o
                0x0000000008006a9c                aci_gap_limited_discoverable_event
 .text.aci_gap_pairing_complete_event
                0x0000000008006aaa       0x1e ./Middlewares/ST/BlueNRG-2/hci/bluenrg1_events_cb.o
                0x0000000008006aaa                aci_gap_pairing_complete_event
 .text.aci_gap_pass_key_req_event
                0x0000000008006ac8       0x16 ./Middlewares/ST/BlueNRG-2/hci/bluenrg1_events_cb.o
                0x0000000008006ac8                aci_gap_pass_key_req_event
 .text.aci_gap_authorization_req_event
                0x0000000008006ade       0x16 ./Middlewares/ST/BlueNRG-2/hci/bluenrg1_events_cb.o
                0x0000000008006ade                aci_gap_authorization_req_event
 .text.aci_gap_slave_security_initiated_event
                0x0000000008006af4        0xe ./Middlewares/ST/BlueNRG-2/hci/bluenrg1_events_cb.o
                0x0000000008006af4                aci_gap_slave_security_initiated_event
 .text.aci_gap_bond_lost_event
                0x0000000008006b02        0xe ./Middlewares/ST/BlueNRG-2/hci/bluenrg1_events_cb.o
                0x0000000008006b02                aci_gap_bond_lost_event
 .text.aci_gap_proc_complete_event
                0x0000000008006b10       0x20 ./Middlewares/ST/BlueNRG-2/hci/bluenrg1_events_cb.o
                0x0000000008006b10                aci_gap_proc_complete_event
 .text.aci_gap_addr_not_resolved_event
                0x0000000008006b30       0x16 ./Middlewares/ST/BlueNRG-2/hci/bluenrg1_events_cb.o
                0x0000000008006b30                aci_gap_addr_not_resolved_event
 .text.aci_gap_numeric_comparison_value_event
                0x0000000008006b46       0x18 ./Middlewares/ST/BlueNRG-2/hci/bluenrg1_events_cb.o
                0x0000000008006b46                aci_gap_numeric_comparison_value_event
 .text.aci_gap_keypress_notification_event
                0x0000000008006b5e       0x1c ./Middlewares/ST/BlueNRG-2/hci/bluenrg1_events_cb.o
                0x0000000008006b5e                aci_gap_keypress_notification_event
 .text.aci_gatt_attribute_modified_event
                0x0000000008006b7a       0x28 ./Middlewares/ST/BlueNRG-2/hci/bluenrg1_events_cb.o
                0x0000000008006b7a                aci_gatt_attribute_modified_event
 .text.aci_gatt_proc_timeout_event
                0x0000000008006ba2       0x16 ./Middlewares/ST/BlueNRG-2/hci/bluenrg1_events_cb.o
                0x0000000008006ba2                aci_gatt_proc_timeout_event
 .text.aci_att_exchange_mtu_resp_event
                0x0000000008006bb8       0x1c ./Middlewares/ST/BlueNRG-2/hci/bluenrg1_events_cb.o
                0x0000000008006bb8                aci_att_exchange_mtu_resp_event
 .text.aci_att_find_info_resp_event
                0x0000000008006bd4       0x20 ./Middlewares/ST/BlueNRG-2/hci/bluenrg1_events_cb.o
                0x0000000008006bd4                aci_att_find_info_resp_event
 .text.aci_att_find_by_type_value_resp_event
                0x0000000008006bf4       0x1c ./Middlewares/ST/BlueNRG-2/hci/bluenrg1_events_cb.o
                0x0000000008006bf4                aci_att_find_by_type_value_resp_event
 .text.aci_att_read_by_type_resp_event
                0x0000000008006c10       0x20 ./Middlewares/ST/BlueNRG-2/hci/bluenrg1_events_cb.o
                0x0000000008006c10                aci_att_read_by_type_resp_event
 .text.aci_att_read_resp_event
                0x0000000008006c30       0x1c ./Middlewares/ST/BlueNRG-2/hci/bluenrg1_events_cb.o
                0x0000000008006c30                aci_att_read_resp_event
 .text.aci_att_read_blob_resp_event
                0x0000000008006c4c       0x1c ./Middlewares/ST/BlueNRG-2/hci/bluenrg1_events_cb.o
                0x0000000008006c4c                aci_att_read_blob_resp_event
 .text.aci_att_read_multiple_resp_event
                0x0000000008006c68       0x1c ./Middlewares/ST/BlueNRG-2/hci/bluenrg1_events_cb.o
                0x0000000008006c68                aci_att_read_multiple_resp_event
 .text.aci_att_read_by_group_type_resp_event
                0x0000000008006c84       0x20 ./Middlewares/ST/BlueNRG-2/hci/bluenrg1_events_cb.o
                0x0000000008006c84                aci_att_read_by_group_type_resp_event
 .text.aci_att_prepare_write_resp_event
                0x0000000008006ca4       0x28 ./Middlewares/ST/BlueNRG-2/hci/bluenrg1_events_cb.o
                0x0000000008006ca4                aci_att_prepare_write_resp_event
 .text.aci_att_exec_write_resp_event
                0x0000000008006ccc       0x16 ./Middlewares/ST/BlueNRG-2/hci/bluenrg1_events_cb.o
                0x0000000008006ccc                aci_att_exec_write_resp_event
 .text.aci_gatt_indication_event
                0x0000000008006ce2       0x20 ./Middlewares/ST/BlueNRG-2/hci/bluenrg1_events_cb.o
                0x0000000008006ce2                aci_gatt_indication_event
 .text.aci_gatt_notification_event
                0x0000000008006d02       0x20 ./Middlewares/ST/BlueNRG-2/hci/bluenrg1_events_cb.o
                0x0000000008006d02                aci_gatt_notification_event
 .text.aci_gatt_proc_complete_event
                0x0000000008006d22       0x1c ./Middlewares/ST/BlueNRG-2/hci/bluenrg1_events_cb.o
                0x0000000008006d22                aci_gatt_proc_complete_event
 .text.aci_gatt_error_resp_event
                0x0000000008006d3e       0x28 ./Middlewares/ST/BlueNRG-2/hci/bluenrg1_events_cb.o
                0x0000000008006d3e                aci_gatt_error_resp_event
 .text.aci_gatt_disc_read_char_by_uuid_resp_event
                0x0000000008006d66       0x20 ./Middlewares/ST/BlueNRG-2/hci/bluenrg1_events_cb.o
                0x0000000008006d66                aci_gatt_disc_read_char_by_uuid_resp_event
 .text.aci_gatt_write_permit_req_event
                0x0000000008006d86       0x20 ./Middlewares/ST/BlueNRG-2/hci/bluenrg1_events_cb.o
                0x0000000008006d86                aci_gatt_write_permit_req_event
 .text.aci_gatt_read_multi_permit_req_event
                0x0000000008006da6       0x1c ./Middlewares/ST/BlueNRG-2/hci/bluenrg1_events_cb.o
                0x0000000008006da6                aci_gatt_read_multi_permit_req_event
 .text.aci_gatt_tx_pool_available_event
                0x0000000008006dc2       0x1c ./Middlewares/ST/BlueNRG-2/hci/bluenrg1_events_cb.o
                0x0000000008006dc2                aci_gatt_tx_pool_available_event
 .text.aci_gatt_server_confirmation_event
                0x0000000008006dde       0x16 ./Middlewares/ST/BlueNRG-2/hci/bluenrg1_events_cb.o
                0x0000000008006dde                aci_gatt_server_confirmation_event
 .text.aci_gatt_prepare_write_permit_req_event
                0x0000000008006df4       0x28 ./Middlewares/ST/BlueNRG-2/hci/bluenrg1_events_cb.o
                0x0000000008006df4                aci_gatt_prepare_write_permit_req_event
 .text.aci_l2cap_connection_update_resp_event
                0x0000000008006e1c       0x1c ./Middlewares/ST/BlueNRG-2/hci/bluenrg1_events_cb.o
                0x0000000008006e1c                aci_l2cap_connection_update_resp_event
 .text.aci_l2cap_proc_timeout_event
                0x0000000008006e38       0x1c ./Middlewares/ST/BlueNRG-2/hci/bluenrg1_events_cb.o
                0x0000000008006e38                aci_l2cap_proc_timeout_event
 .text.aci_l2cap_connection_update_req_event
                0x0000000008006e54       0x28 ./Middlewares/ST/BlueNRG-2/hci/bluenrg1_events_cb.o
                0x0000000008006e54                aci_l2cap_connection_update_req_event
 .text.aci_l2cap_command_reject_event
                0x0000000008006e7c       0x28 ./Middlewares/ST/BlueNRG-2/hci/bluenrg1_events_cb.o
                0x0000000008006e7c                aci_l2cap_command_reject_event
 .text.aci_blue_initialized_event
                0x0000000008006ea4       0x16 ./Middlewares/ST/BlueNRG-2/hci/bluenrg1_events_cb.o
                0x0000000008006ea4                aci_blue_initialized_event
 .text.aci_blue_events_lost_event
                0x0000000008006eba       0x14 ./Middlewares/ST/BlueNRG-2/hci/bluenrg1_events_cb.o
                0x0000000008006eba                aci_blue_events_lost_event
 .text.aci_blue_crash_info_event
                0x0000000008006ece       0x1c ./Middlewares/ST/BlueNRG-2/hci/bluenrg1_events_cb.o
                0x0000000008006ece                aci_blue_crash_info_event
 .text.aci_hal_end_of_radio_activity_event
                0x0000000008006eea       0x1c ./Middlewares/ST/BlueNRG-2/hci/bluenrg1_events_cb.o
                0x0000000008006eea                aci_hal_end_of_radio_activity_event
 .text.aci_hal_scan_req_report_event
                0x0000000008006f06       0x1c ./Middlewares/ST/BlueNRG-2/hci/bluenrg1_events_cb.o
                0x0000000008006f06                aci_hal_scan_req_report_event
 .text.aci_hal_fw_error_event
                0x0000000008006f22       0x1c ./Middlewares/ST/BlueNRG-2/hci/bluenrg1_events_cb.o
                0x0000000008006f22                aci_hal_fw_error_event
 .text.hci_reset
                0x0000000008006f3e       0x52 ./Middlewares/ST/BlueNRG-2/hci/bluenrg1_hci_le.o
                0x0000000008006f3e                hci_reset
 .text.aci_gap_set_discoverable
                0x0000000008006f90      0x206 ./Middlewares/ST/BlueNRG-2/hci/controller/bluenrg1_gap_aci.o
                0x0000000008006f90                aci_gap_set_discoverable
 .text.aci_gap_init
                0x0000000008007196      0x15a ./Middlewares/ST/BlueNRG-2/hci/controller/bluenrg1_gap_aci.o
                0x0000000008007196                aci_gap_init
 .text.aci_gatt_init
                0x00000000080072f0       0x54 ./Middlewares/ST/BlueNRG-2/hci/controller/bluenrg1_gatt_aci.o
                0x00000000080072f0                aci_gatt_init
 .text.aci_gatt_add_service
                0x0000000008007344      0x1ac ./Middlewares/ST/BlueNRG-2/hci/controller/bluenrg1_gatt_aci.o
                0x0000000008007344                aci_gatt_add_service
 .text.aci_gatt_add_char
                0x00000000080074f0      0x210 ./Middlewares/ST/BlueNRG-2/hci/controller/bluenrg1_gatt_aci.o
                0x00000000080074f0                aci_gatt_add_char
 .text.aci_gatt_update_char_value
                0x0000000008007700      0x164 ./Middlewares/ST/BlueNRG-2/hci/controller/bluenrg1_gatt_aci.o
                0x0000000008007700                aci_gatt_update_char_value
 .text.aci_gatt_allow_read
                0x0000000008007864       0xbc ./Middlewares/ST/BlueNRG-2/hci/controller/bluenrg1_gatt_aci.o
                0x0000000008007864                aci_gatt_allow_read
 .text.aci_hal_write_config_data
                0x0000000008007920      0x11c ./Middlewares/ST/BlueNRG-2/hci/controller/bluenrg1_hal_aci.o
                0x0000000008007920                aci_hal_write_config_data
 .text.verify_packet
                0x0000000008007a3c       0x40 ./Middlewares/ST/BlueNRG-2/hci/hci_tl_patterns/Basic/hci_tl.o
 .text.send_cmd
                0x0000000008007a7c       0x80 ./Middlewares/ST/BlueNRG-2/hci/hci_tl_patterns/Basic/hci_tl.o
 .text.move_list
                0x0000000008007afc       0x38 ./Middlewares/ST/BlueNRG-2/hci/hci_tl_patterns/Basic/hci_tl.o
 .text.free_event_list
                0x0000000008007b34       0x3c ./Middlewares/ST/BlueNRG-2/hci/hci_tl_patterns/Basic/hci_tl.o
 .text.hci_init
                0x0000000008007b70       0x84 ./Middlewares/ST/BlueNRG-2/hci/hci_tl_patterns/Basic/hci_tl.o
                0x0000000008007b70                hci_init
 .text.hci_register_io_bus
                0x0000000008007bf4       0x40 ./Middlewares/ST/BlueNRG-2/hci/hci_tl_patterns/Basic/hci_tl.o
                0x0000000008007bf4                hci_register_io_bus
 .text.hci_send_req
                0x0000000008007c34      0x234 ./Middlewares/ST/BlueNRG-2/hci/hci_tl_patterns/Basic/hci_tl.o
                0x0000000008007c34                hci_send_req
 .text.hci_user_evt_proc
                0x0000000008007e68       0x58 ./Middlewares/ST/BlueNRG-2/hci/hci_tl_patterns/Basic/hci_tl.o
                0x0000000008007e68                hci_user_evt_proc
 .text.hci_notify_asynch_evt
                0x0000000008007ec0       0x9c ./Middlewares/ST/BlueNRG-2/hci/hci_tl_patterns/Basic/hci_tl.o
                0x0000000008007ec0                hci_notify_asynch_evt
 .text.list_init_head
                0x0000000008007f5c       0x20 ./Middlewares/ST/BlueNRG-2/utils/ble_list.o
                0x0000000008007f5c                list_init_head
 .text.list_is_empty
                0x0000000008007f7c       0x44 ./Middlewares/ST/BlueNRG-2/utils/ble_list.o
                0x0000000008007f7c                list_is_empty
 .text.list_insert_head
                0x0000000008007fc0       0x4c ./Middlewares/ST/BlueNRG-2/utils/ble_list.o
                0x0000000008007fc0                list_insert_head
 .text.list_insert_tail
                0x000000000800800c       0x4c ./Middlewares/ST/BlueNRG-2/utils/ble_list.o
                0x000000000800800c                list_insert_tail
 .text.list_remove_node
                0x0000000008008058       0x42 ./Middlewares/ST/BlueNRG-2/utils/ble_list.o
                0x0000000008008058                list_remove_node
 .text.list_remove_head
                0x000000000800809a       0x4e ./Middlewares/ST/BlueNRG-2/utils/ble_list.o
                0x000000000800809a                list_remove_head
 .text.list_remove_tail
                0x00000000080080e8       0x4e ./Middlewares/ST/BlueNRG-2/utils/ble_list.o
                0x00000000080080e8                list_remove_tail
 .text.list_get_size
                0x0000000008008136       0x50 ./Middlewares/ST/BlueNRG-2/utils/ble_list.o
                0x0000000008008136                list_get_size
 *fill*         0x0000000008008186        0x2 
 .text.arm_rfft_fast_init_f32
                0x0000000008008188      0x108 ../Core/Lib\libarm_cortexM4lf_math.a(arm_rfft_fast_init_f32.o)
                0x0000000008008188                arm_rfft_fast_init_f32
 .text.arm_rfft_fast_f32
                0x0000000008008290      0x188 ../Core/Lib\libarm_cortexM4lf_math.a(arm_rfft_fast_f32.o)
                0x0000000008008290                arm_rfft_fast_f32
 .text.arm_cfft_radix8by2_f32
                0x0000000008008418      0x1a4 ../Core/Lib\libarm_cortexM4lf_math.a(arm_cfft_f32.o)
                0x0000000008008418                arm_cfft_radix8by2_f32
 .text.arm_cfft_radix8by4_f32
                0x00000000080085bc      0x4bc ../Core/Lib\libarm_cortexM4lf_math.a(arm_cfft_f32.o)
                0x00000000080085bc                arm_cfft_radix8by4_f32
 .text.arm_cfft_f32
                0x0000000008008a78       0xf4 ../Core/Lib\libarm_cortexM4lf_math.a(arm_cfft_f32.o)
                0x0000000008008a78                arm_cfft_f32
 .text.arm_radix8_butterfly_f32
                0x0000000008008b6c      0x5c4 ../Core/Lib\libarm_cortexM4lf_math.a(arm_cfft_radix8_f32.o)
                0x0000000008008b6c                arm_radix8_butterfly_f32
 .text.__errno  0x0000000008009130        0xc c:/st/stm32cubeide_1.5.1/stm32cubeide/plugins/com.st.stm32cube.ide.mcu.externaltools.gnu-tools-for-stm32.10.3-2021.10.win32_1.0.0.202111181127/tools/bin/../lib/gcc/arm-none-eabi/10.3.1/../../../../arm-none-eabi/lib/thumb/v7e-m+fp/hard\libc_nano.a(lib_a-errno.o)
                0x0000000008009130                __errno
 .text.__libc_init_array
                0x000000000800913c       0x48 c:/st/stm32cubeide_1.5.1/stm32cubeide/plugins/com.st.stm32cube.ide.mcu.externaltools.gnu-tools-for-stm32.10.3-2021.10.win32_1.0.0.202111181127/tools/bin/../lib/gcc/arm-none-eabi/10.3.1/../../../../arm-none-eabi/lib/thumb/v7e-m+fp/hard\libc_nano.a(lib_a-init.o)
                0x000000000800913c                __libc_init_array
 .text.memcpy   0x0000000008009184       0x1c c:/st/stm32cubeide_1.5.1/stm32cubeide/plugins/com.st.stm32cube.ide.mcu.externaltools.gnu-tools-for-stm32.10.3-2021.10.win32_1.0.0.202111181127/tools/bin/../lib/gcc/arm-none-eabi/10.3.1/../../../../arm-none-eabi/lib/thumb/v7e-m+fp/hard\libc_nano.a(lib_a-memcpy-stub.o)
                0x0000000008009184                memcpy
 .text.memset   0x00000000080091a0       0x10 c:/st/stm32cubeide_1.5.1/stm32cubeide/plugins/com.st.stm32cube.ide.mcu.externaltools.gnu-tools-for-stm32.10.3-2021.10.win32_1.0.0.202111181127/tools/bin/../lib/gcc/arm-none-eabi/10.3.1/../../../../arm-none-eabi/lib/thumb/v7e-m+fp/hard\libc_nano.a(lib_a-memset.o)
                0x00000000080091a0                memset
 .text.printf   0x00000000080091b0       0x30 c:/st/stm32cubeide_1.5.1/stm32cubeide/plugins/com.st.stm32cube.ide.mcu.externaltools.gnu-tools-for-stm32.10.3-2021.10.win32_1.0.0.202111181127/tools/bin/../lib/gcc/arm-none-eabi/10.3.1/../../../../arm-none-eabi/lib/thumb/v7e-m+fp/hard\libc_nano.a(lib_a-printf.o)
                0x00000000080091b0                iprintf
                0x00000000080091b0                printf
 .text.std      0x00000000080091e0       0x48 c:/st/stm32cubeide_1.5.1/stm32cubeide/plugins/com.st.stm32cube.ide.mcu.externaltools.gnu-tools-for-stm32.10.3-2021.10.win32_1.0.0.202111181127/tools/bin/../lib/gcc/arm-none-eabi/10.3.1/../../../../arm-none-eabi/lib/thumb/v7e-m+fp/hard\libc_nano.a(lib_a-findfp.o)
 .text._cleanup_r
                0x0000000008009228        0xc c:/st/stm32cubeide_1.5.1/stm32cubeide/plugins/com.st.stm32cube.ide.mcu.externaltools.gnu-tools-for-stm32.10.3-2021.10.win32_1.0.0.202111181127/tools/bin/../lib/gcc/arm-none-eabi/10.3.1/../../../../arm-none-eabi/lib/thumb/v7e-m+fp/hard\libc_nano.a(lib_a-findfp.o)
                0x0000000008009228                _cleanup_r
 .text.__sfmoreglue
                0x0000000008009234       0x2c c:/st/stm32cubeide_1.5.1/stm32cubeide/plugins/com.st.stm32cube.ide.mcu.externaltools.gnu-tools-for-stm32.10.3-2021.10.win32_1.0.0.202111181127/tools/bin/../lib/gcc/arm-none-eabi/10.3.1/../../../../arm-none-eabi/lib/thumb/v7e-m+fp/hard\libc_nano.a(lib_a-findfp.o)
                0x0000000008009234                __sfmoreglue
 .text.__sfp_lock_acquire
                0x0000000008009260        0xc c:/st/stm32cubeide_1.5.1/stm32cubeide/plugins/com.st.stm32cube.ide.mcu.externaltools.gnu-tools-for-stm32.10.3-2021.10.win32_1.0.0.202111181127/tools/bin/../lib/gcc/arm-none-eabi/10.3.1/../../../../arm-none-eabi/lib/thumb/v7e-m+fp/hard\libc_nano.a(lib_a-findfp.o)
                0x0000000008009260                __sfp_lock_acquire
 .text.__sfp_lock_release
                0x000000000800926c        0xc c:/st/stm32cubeide_1.5.1/stm32cubeide/plugins/com.st.stm32cube.ide.mcu.externaltools.gnu-tools-for-stm32.10.3-2021.10.win32_1.0.0.202111181127/tools/bin/../lib/gcc/arm-none-eabi/10.3.1/../../../../arm-none-eabi/lib/thumb/v7e-m+fp/hard\libc_nano.a(lib_a-findfp.o)
                0x000000000800926c                __sfp_lock_release
 .text.__sinit_lock_acquire
                0x0000000008009278        0xc c:/st/stm32cubeide_1.5.1/stm32cubeide/plugins/com.st.stm32cube.ide.mcu.externaltools.gnu-tools-for-stm32.10.3-2021.10.win32_1.0.0.202111181127/tools/bin/../lib/gcc/arm-none-eabi/10.3.1/../../../../arm-none-eabi/lib/thumb/v7e-m+fp/hard\libc_nano.a(lib_a-findfp.o)
                0x0000000008009278                __sinit_lock_acquire
 .text.__sinit_lock_release
                0x0000000008009284        0xc c:/st/stm32cubeide_1.5.1/stm32cubeide/plugins/com.st.stm32cube.ide.mcu.externaltools.gnu-tools-for-stm32.10.3-2021.10.win32_1.0.0.202111181127/tools/bin/../lib/gcc/arm-none-eabi/10.3.1/../../../../arm-none-eabi/lib/thumb/v7e-m+fp/hard\libc_nano.a(lib_a-findfp.o)
                0x0000000008009284                __sinit_lock_release
 .text.__sinit  0x0000000008009290       0x70 c:/st/stm32cubeide_1.5.1/stm32cubeide/plugins/com.st.stm32cube.ide.mcu.externaltools.gnu-tools-for-stm32.10.3-2021.10.win32_1.0.0.202111181127/tools/bin/../lib/gcc/arm-none-eabi/10.3.1/../../../../arm-none-eabi/lib/thumb/v7e-m+fp/hard\libc_nano.a(lib_a-findfp.o)
                0x0000000008009290                __sinit
 .text.__sfp    0x0000000008009300       0x8c c:/st/stm32cubeide_1.5.1/stm32cubeide/plugins/com.st.stm32cube.ide.mcu.externaltools.gnu-tools-for-stm32.10.3-2021.10.win32_1.0.0.202111181127/tools/bin/../lib/gcc/arm-none-eabi/10.3.1/../../../../arm-none-eabi/lib/thumb/v7e-m+fp/hard\libc_nano.a(lib_a-findfp.o)
                0x0000000008009300                __sfp
 .text._fwalk_reent
                0x000000000800938c       0x3e c:/st/stm32cubeide_1.5.1/stm32cubeide/plugins/com.st.stm32cube.ide.mcu.externaltools.gnu-tools-for-stm32.10.3-2021.10.win32_1.0.0.202111181127/tools/bin/../lib/gcc/arm-none-eabi/10.3.1/../../../../arm-none-eabi/lib/thumb/v7e-m+fp/hard\libc_nano.a(lib_a-fwalk.o)
                0x000000000800938c                _fwalk_reent
 .text.__retarget_lock_init_recursive
                0x00000000080093ca        0x2 c:/st/stm32cubeide_1.5.1/stm32cubeide/plugins/com.st.stm32cube.ide.mcu.externaltools.gnu-tools-for-stm32.10.3-2021.10.win32_1.0.0.202111181127/tools/bin/../lib/gcc/arm-none-eabi/10.3.1/../../../../arm-none-eabi/lib/thumb/v7e-m+fp/hard\libc_nano.a(lib_a-lock.o)
                0x00000000080093ca                __retarget_lock_init_recursive
 .text.__retarget_lock_acquire_recursive
                0x00000000080093cc        0x2 c:/st/stm32cubeide_1.5.1/stm32cubeide/plugins/com.st.stm32cube.ide.mcu.externaltools.gnu-tools-for-stm32.10.3-2021.10.win32_1.0.0.202111181127/tools/bin/../lib/gcc/arm-none-eabi/10.3.1/../../../../arm-none-eabi/lib/thumb/v7e-m+fp/hard\libc_nano.a(lib_a-lock.o)
                0x00000000080093cc                __retarget_lock_acquire_recursive
 .text.__retarget_lock_release_recursive
                0x00000000080093ce        0x2 c:/st/stm32cubeide_1.5.1/stm32cubeide/plugins/com.st.stm32cube.ide.mcu.externaltools.gnu-tools-for-stm32.10.3-2021.10.win32_1.0.0.202111181127/tools/bin/../lib/gcc/arm-none-eabi/10.3.1/../../../../arm-none-eabi/lib/thumb/v7e-m+fp/hard\libc_nano.a(lib_a-lock.o)
                0x00000000080093ce                __retarget_lock_release_recursive
 .text.sbrk_aligned
                0x00000000080093d0       0x40 c:/st/stm32cubeide_1.5.1/stm32cubeide/plugins/com.st.stm32cube.ide.mcu.externaltools.gnu-tools-for-stm32.10.3-2021.10.win32_1.0.0.202111181127/tools/bin/../lib/gcc/arm-none-eabi/10.3.1/../../../../arm-none-eabi/lib/thumb/v7e-m+fp/hard\libc_nano.a(lib_a-nano-mallocr.o)
 .text._malloc_r
                0x0000000008009410       0xe8 c:/st/stm32cubeide_1.5.1/stm32cubeide/plugins/com.st.stm32cube.ide.mcu.externaltools.gnu-tools-for-stm32.10.3-2021.10.win32_1.0.0.202111181127/tools/bin/../lib/gcc/arm-none-eabi/10.3.1/../../../../arm-none-eabi/lib/thumb/v7e-m+fp/hard\libc_nano.a(lib_a-nano-mallocr.o)
                0x0000000008009410                _malloc_r
 .text.__sfputc_r
                0x00000000080094f8       0x2e c:/st/stm32cubeide_1.5.1/stm32cubeide/plugins/com.st.stm32cube.ide.mcu.externaltools.gnu-tools-for-stm32.10.3-2021.10.win32_1.0.0.202111181127/tools/bin/../lib/gcc/arm-none-eabi/10.3.1/../../../../arm-none-eabi/lib/thumb/v7e-m+fp/hard\libc_nano.a(lib_a-nano-vfprintf.o)
 .text.__sfputs_r
                0x0000000008009526       0x24 c:/st/stm32cubeide_1.5.1/stm32cubeide/plugins/com.st.stm32cube.ide.mcu.externaltools.gnu-tools-for-stm32.10.3-2021.10.win32_1.0.0.202111181127/tools/bin/../lib/gcc/arm-none-eabi/10.3.1/../../../../arm-none-eabi/lib/thumb/v7e-m+fp/hard\libc_nano.a(lib_a-nano-vfprintf.o)
                0x0000000008009526                __sfputs_r
 *fill*         0x000000000800954a        0x2 
 .text._vfprintf_r
                0x000000000800954c      0x260 c:/st/stm32cubeide_1.5.1/stm32cubeide/plugins/com.st.stm32cube.ide.mcu.externaltools.gnu-tools-for-stm32.10.3-2021.10.win32_1.0.0.202111181127/tools/bin/../lib/gcc/arm-none-eabi/10.3.1/../../../../arm-none-eabi/lib/thumb/v7e-m+fp/hard\libc_nano.a(lib_a-nano-vfprintf.o)
                0x000000000800954c                _vfprintf_r
                0x000000000800954c                _vfiprintf_r
 .text._printf_common
                0x00000000080097ac       0xda c:/st/stm32cubeide_1.5.1/stm32cubeide/plugins/com.st.stm32cube.ide.mcu.externaltools.gnu-tools-for-stm32.10.3-2021.10.win32_1.0.0.202111181127/tools/bin/../lib/gcc/arm-none-eabi/10.3.1/../../../../arm-none-eabi/lib/thumb/v7e-m+fp/hard\libc_nano.a(lib_a-nano-vfprintf_i.o)
                0x00000000080097ac                _printf_common
 *fill*         0x0000000008009886        0x2 
 .text._printf_i
                0x0000000008009888      0x24c c:/st/stm32cubeide_1.5.1/stm32cubeide/plugins/com.st.stm32cube.ide.mcu.externaltools.gnu-tools-for-stm32.10.3-2021.10.win32_1.0.0.202111181127/tools/bin/../lib/gcc/arm-none-eabi/10.3.1/../../../../arm-none-eabi/lib/thumb/v7e-m+fp/hard\libc_nano.a(lib_a-nano-vfprintf_i.o)
                0x0000000008009888                _printf_i
 .text._sbrk_r  0x0000000008009ad4       0x20 c:/st/stm32cubeide_1.5.1/stm32cubeide/plugins/com.st.stm32cube.ide.mcu.externaltools.gnu-tools-for-stm32.10.3-2021.10.win32_1.0.0.202111181127/tools/bin/../lib/gcc/arm-none-eabi/10.3.1/../../../../arm-none-eabi/lib/thumb/v7e-m+fp/hard\libc_nano.a(lib_a-sbrkr.o)
                0x0000000008009ad4                _sbrk_r
 .text.__sread  0x0000000008009af4       0x22 c:/st/stm32cubeide_1.5.1/stm32cubeide/plugins/com.st.stm32cube.ide.mcu.externaltools.gnu-tools-for-stm32.10.3-2021.10.win32_1.0.0.202111181127/tools/bin/../lib/gcc/arm-none-eabi/10.3.1/../../../../arm-none-eabi/lib/thumb/v7e-m+fp/hard\libc_nano.a(lib_a-stdio.o)
                0x0000000008009af4                __sread
 .text.__swrite
                0x0000000008009b16       0x38 c:/st/stm32cubeide_1.5.1/stm32cubeide/plugins/com.st.stm32cube.ide.mcu.externaltools.gnu-tools-for-stm32.10.3-2021.10.win32_1.0.0.202111181127/tools/bin/../lib/gcc/arm-none-eabi/10.3.1/../../../../arm-none-eabi/lib/thumb/v7e-m+fp/hard\libc_nano.a(lib_a-stdio.o)
                0x0000000008009b16                __swrite
 .text.__sseek  0x0000000008009b4e       0x24 c:/st/stm32cubeide_1.5.1/stm32cubeide/plugins/com.st.stm32cube.ide.mcu.externaltools.gnu-tools-for-stm32.10.3-2021.10.win32_1.0.0.202111181127/tools/bin/../lib/gcc/arm-none-eabi/10.3.1/../../../../arm-none-eabi/lib/thumb/v7e-m+fp/hard\libc_nano.a(lib_a-stdio.o)
                0x0000000008009b4e                __sseek
 .text.__sclose
                0x0000000008009b72        0x8 c:/st/stm32cubeide_1.5.1/stm32cubeide/plugins/com.st.stm32cube.ide.mcu.externaltools.gnu-tools-for-stm32.10.3-2021.10.win32_1.0.0.202111181127/tools/bin/../lib/gcc/arm-none-eabi/10.3.1/../../../../arm-none-eabi/lib/thumb/v7e-m+fp/hard\libc_nano.a(lib_a-stdio.o)
                0x0000000008009b72                __sclose
 *fill*         0x0000000008009b7a        0x2 
 .text.__swbuf_r
                0x0000000008009b7c       0xa4 c:/st/stm32cubeide_1.5.1/stm32cubeide/plugins/com.st.stm32cube.ide.mcu.externaltools.gnu-tools-for-stm32.10.3-2021.10.win32_1.0.0.202111181127/tools/bin/../lib/gcc/arm-none-eabi/10.3.1/../../../../arm-none-eabi/lib/thumb/v7e-m+fp/hard\libc_nano.a(lib_a-wbuf.o)
                0x0000000008009b7c                __swbuf_r
 .text._write_r
                0x0000000008009c20       0x24 c:/st/stm32cubeide_1.5.1/stm32cubeide/plugins/com.st.stm32cube.ide.mcu.externaltools.gnu-tools-for-stm32.10.3-2021.10.win32_1.0.0.202111181127/tools/bin/../lib/gcc/arm-none-eabi/10.3.1/../../../../arm-none-eabi/lib/thumb/v7e-m+fp/hard\libc_nano.a(lib_a-writer.o)
                0x0000000008009c20                _write_r
 .text.__swsetup_r
                0x0000000008009c44       0xdc c:/st/stm32cubeide_1.5.1/stm32cubeide/plugins/com.st.stm32cube.ide.mcu.externaltools.gnu-tools-for-stm32.10.3-2021.10.win32_1.0.0.202111181127/tools/bin/../lib/gcc/arm-none-eabi/10.3.1/../../../../arm-none-eabi/lib/thumb/v7e-m+fp/hard\libc_nano.a(lib_a-wsetup.o)
                0x0000000008009c44                __swsetup_r
 .text._close_r
                0x0000000008009d20       0x20 c:/st/stm32cubeide_1.5.1/stm32cubeide/plugins/com.st.stm32cube.ide.mcu.externaltools.gnu-tools-for-stm32.10.3-2021.10.win32_1.0.0.202111181127/tools/bin/../lib/gcc/arm-none-eabi/10.3.1/../../../../arm-none-eabi/lib/thumb/v7e-m+fp/hard\libc_nano.a(lib_a-closer.o)
                0x0000000008009d20                _close_r
 .text.__sflush_r
                0x0000000008009d40      0x10c c:/st/stm32cubeide_1.5.1/stm32cubeide/plugins/com.st.stm32cube.ide.mcu.externaltools.gnu-tools-for-stm32.10.3-2021.10.win32_1.0.0.202111181127/tools/bin/../lib/gcc/arm-none-eabi/10.3.1/../../../../arm-none-eabi/lib/thumb/v7e-m+fp/hard\libc_nano.a(lib_a-fflush.o)
                0x0000000008009d40                __sflush_r
 .text._fflush_r
                0x0000000008009e4c       0x78 c:/st/stm32cubeide_1.5.1/stm32cubeide/plugins/com.st.stm32cube.ide.mcu.externaltools.gnu-tools-for-stm32.10.3-2021.10.win32_1.0.0.202111181127/tools/bin/../lib/gcc/arm-none-eabi/10.3.1/../../../../arm-none-eabi/lib/thumb/v7e-m+fp/hard\libc_nano.a(lib_a-fflush.o)
                0x0000000008009e4c                _fflush_r
 .text._lseek_r
                0x0000000008009ec4       0x24 c:/st/stm32cubeide_1.5.1/stm32cubeide/plugins/com.st.stm32cube.ide.mcu.externaltools.gnu-tools-for-stm32.10.3-2021.10.win32_1.0.0.202111181127/tools/bin/../lib/gcc/arm-none-eabi/10.3.1/../../../../arm-none-eabi/lib/thumb/v7e-m+fp/hard\libc_nano.a(lib_a-lseekr.o)
                0x0000000008009ec4                _lseek_r
 .text.__swhatbuf_r
                0x0000000008009ee8       0x4a c:/st/stm32cubeide_1.5.1/stm32cubeide/plugins/com.st.stm32cube.ide.mcu.externaltools.gnu-tools-for-stm32.10.3-2021.10.win32_1.0.0.202111181127/tools/bin/../lib/gcc/arm-none-eabi/10.3.1/../../../../arm-none-eabi/lib/thumb/v7e-m+fp/hard\libc_nano.a(lib_a-makebuf.o)
                0x0000000008009ee8                __swhatbuf_r
 *fill*         0x0000000008009f32        0x2 
 .text.__smakebuf_r
                0x0000000008009f34       0x80 c:/st/stm32cubeide_1.5.1/stm32cubeide/plugins/com.st.stm32cube.ide.mcu.externaltools.gnu-tools-for-stm32.10.3-2021.10.win32_1.0.0.202111181127/tools/bin/../lib/gcc/arm-none-eabi/10.3.1/../../../../arm-none-eabi/lib/thumb/v7e-m+fp/hard\libc_nano.a(lib_a-makebuf.o)
                0x0000000008009f34                __smakebuf_r
 .text.__malloc_lock
                0x0000000008009fb4        0xc c:/st/stm32cubeide_1.5.1/stm32cubeide/plugins/com.st.stm32cube.ide.mcu.externaltools.gnu-tools-for-stm32.10.3-2021.10.win32_1.0.0.202111181127/tools/bin/../lib/gcc/arm-none-eabi/10.3.1/../../../../arm-none-eabi/lib/thumb/v7e-m+fp/hard\libc_nano.a(lib_a-mlock.o)
                0x0000000008009fb4                __malloc_lock
 .text.__malloc_unlock
                0x0000000008009fc0        0xc c:/st/stm32cubeide_1.5.1/stm32cubeide/plugins/com.st.stm32cube.ide.mcu.externaltools.gnu-tools-for-stm32.10.3-2021.10.win32_1.0.0.202111181127/tools/bin/../lib/gcc/arm-none-eabi/10.3.1/../../../../arm-none-eabi/lib/thumb/v7e-m+fp/hard\libc_nano.a(lib_a-mlock.o)
                0x0000000008009fc0                __malloc_unlock
 .text._free_r  0x0000000008009fcc       0x98 c:/st/stm32cubeide_1.5.1/stm32cubeide/plugins/com.st.stm32cube.ide.mcu.externaltools.gnu-tools-for-stm32.10.3-2021.10.win32_1.0.0.202111181127/tools/bin/../lib/gcc/arm-none-eabi/10.3.1/../../../../arm-none-eabi/lib/thumb/v7e-m+fp/hard\libc_nano.a(lib_a-nano-freer.o)
                0x0000000008009fcc                _free_r
 .text._read_r  0x000000000800a064       0x24 c:/st/stm32cubeide_1.5.1/stm32cubeide/plugins/com.st.stm32cube.ide.mcu.externaltools.gnu-tools-for-stm32.10.3-2021.10.win32_1.0.0.202111181127/tools/bin/../lib/gcc/arm-none-eabi/10.3.1/../../../../arm-none-eabi/lib/thumb/v7e-m+fp/hard\libc_nano.a(lib_a-readr.o)
                0x000000000800a064                _read_r
 .text._fstat_r
                0x000000000800a088       0x24 c:/st/stm32cubeide_1.5.1/stm32cubeide/plugins/com.st.stm32cube.ide.mcu.externaltools.gnu-tools-for-stm32.10.3-2021.10.win32_1.0.0.202111181127/tools/bin/../lib/gcc/arm-none-eabi/10.3.1/../../../../arm-none-eabi/lib/thumb/v7e-m+fp/hard\libc_nano.a(lib_a-fstatr.o)
                0x000000000800a088                _fstat_r
 .text._isatty_r
                0x000000000800a0ac       0x20 c:/st/stm32cubeide_1.5.1/stm32cubeide/plugins/com.st.stm32cube.ide.mcu.externaltools.gnu-tools-for-stm32.10.3-2021.10.win32_1.0.0.202111181127/tools/bin/../lib/gcc/arm-none-eabi/10.3.1/../../../../arm-none-eabi/lib/thumb/v7e-m+fp/hard\libc_nano.a(lib_a-isattyr.o)
                0x000000000800a0ac                _isatty_r
 .text.log10f   0x000000000800a0cc       0x5c c:/st/stm32cubeide_1.5.1/stm32cubeide/plugins/com.st.stm32cube.ide.mcu.externaltools.gnu-tools-for-stm32.10.3-2021.10.win32_1.0.0.202111181127/tools/bin/../lib/gcc/arm-none-eabi/10.3.1/../../../../arm-none-eabi/lib/thumb/v7e-m+fp/hard\libm.a(lib_a-wf_log10.o)
                0x000000000800a0cc                log10f
 .text.sqrtf    0x000000000800a128       0x3c c:/st/stm32cubeide_1.5.1/stm32cubeide/plugins/com.st.stm32cube.ide.mcu.externaltools.gnu-tools-for-stm32.10.3-2021.10.win32_1.0.0.202111181127/tools/bin/../lib/gcc/arm-none-eabi/10.3.1/../../../../arm-none-eabi/lib/thumb/v7e-m+fp/hard\libm.a(lib_a-wf_sqrt.o)
                0x000000000800a128                sqrtf
 .text.__ieee754_log10f
                0x000000000800a164       0xb0 c:/st/stm32cubeide_1.5.1/stm32cubeide/plugins/com.st.stm32cube.ide.mcu.externaltools.gnu-tools-for-stm32.10.3-2021.10.win32_1.0.0.202111181127/tools/bin/../lib/gcc/arm-none-eabi/10.3.1/../../../../arm-none-eabi/lib/thumb/v7e-m+fp/hard\libm.a(lib_a-ef_log10.o)
                0x000000000800a164                __ieee754_log10f
 .text.__ieee754_sqrtf
                0x000000000800a214        0x6 c:/st/stm32cubeide_1.5.1/stm32cubeide/plugins/com.st.stm32cube.ide.mcu.externaltools.gnu-tools-for-stm32.10.3-2021.10.win32_1.0.0.202111181127/tools/bin/../lib/gcc/arm-none-eabi/10.3.1/../../../../arm-none-eabi/lib/thumb/v7e-m+fp/hard\libm.a(lib_a-ef_sqrt.o)
                0x000000000800a214                __ieee754_sqrtf
 *fill*         0x000000000800a21a        0x2 
 .text.nanf     0x000000000800a21c        0xc c:/st/stm32cubeide_1.5.1/stm32cubeide/plugins/com.st.stm32cube.ide.mcu.externaltools.gnu-tools-for-stm32.10.3-2021.10.win32_1.0.0.202111181127/tools/bin/../lib/gcc/arm-none-eabi/10.3.1/../../../../arm-none-eabi/lib/thumb/v7e-m+fp/hard\libm.a(lib_a-sf_nan.o)
                0x000000000800a21c                nanf
 .text.__ieee754_logf
                0x000000000800a228      0x1e0 c:/st/stm32cubeide_1.5.1/stm32cubeide/plugins/com.st.stm32cube.ide.mcu.externaltools.gnu-tools-for-stm32.10.3-2021.10.win32_1.0.0.202111181127/tools/bin/../lib/gcc/arm-none-eabi/10.3.1/../../../../arm-none-eabi/lib/thumb/v7e-m+fp/hard\libm.a(lib_a-ef_log.o)
                0x000000000800a228                __ieee754_logf
 *(.glue_7)
 .glue_7        0x000000000800a408        0x0 linker stubs
 *(.glue_7t)
 .glue_7t       0x000000000800a408        0x0 linker stubs
 *(.eh_frame)
 .eh_frame      0x000000000800a408        0x0 c:/st/stm32cubeide_1.5.1/stm32cubeide/plugins/com.st.stm32cube.ide.mcu.externaltools.gnu-tools-for-stm32.10.3-2021.10.win32_1.0.0.202111181127/tools/bin/../lib/gcc/arm-none-eabi/10.3.1/thumb/v7e-m+fp/hard/crtbegin.o
 *(.init)
 .init          0x000000000800a408        0x4 c:/st/stm32cubeide_1.5.1/stm32cubeide/plugins/com.st.stm32cube.ide.mcu.externaltools.gnu-tools-for-stm32.10.3-2021.10.win32_1.0.0.202111181127/tools/bin/../lib/gcc/arm-none-eabi/10.3.1/thumb/v7e-m+fp/hard/crti.o
                0x000000000800a408                _init
 .init          0x000000000800a40c        0x8 c:/st/stm32cubeide_1.5.1/stm32cubeide/plugins/com.st.stm32cube.ide.mcu.externaltools.gnu-tools-for-stm32.10.3-2021.10.win32_1.0.0.202111181127/tools/bin/../lib/gcc/arm-none-eabi/10.3.1/thumb/v7e-m+fp/hard/crtn.o
 *(.fini)
 .fini          0x000000000800a414        0x4 c:/st/stm32cubeide_1.5.1/stm32cubeide/plugins/com.st.stm32cube.ide.mcu.externaltools.gnu-tools-for-stm32.10.3-2021.10.win32_1.0.0.202111181127/tools/bin/../lib/gcc/arm-none-eabi/10.3.1/thumb/v7e-m+fp/hard/crti.o
                0x000000000800a414                _fini
 .fini          0x000000000800a418        0x8 c:/st/stm32cubeide_1.5.1/stm32cubeide/plugins/com.st.stm32cube.ide.mcu.externaltools.gnu-tools-for-stm32.10.3-2021.10.win32_1.0.0.202111181127/tools/bin/../lib/gcc/arm-none-eabi/10.3.1/thumb/v7e-m+fp/hard/crtn.o
                0x000000000800a420                . = ALIGN (0x4)
                0x000000000800a420                _etext = .

.vfp11_veneer   0x000000000800a420        0x0
 .vfp11_veneer  0x000000000800a420        0x0 linker stubs

.v4_bx          0x000000000800a420        0x0
 .v4_bx         0x000000000800a420        0x0 linker stubs

.iplt           0x000000000800a420        0x0
 .iplt          0x000000000800a420        0x0 c:/st/stm32cubeide_1.5.1/stm32cubeide/plugins/com.st.stm32cube.ide.mcu.externaltools.gnu-tools-for-stm32.10.3-2021.10.win32_1.0.0.202111181127/tools/bin/../lib/gcc/arm-none-eabi/10.3.1/thumb/v7e-m+fp/hard/crtbegin.o

.rodata         0x000000000800a420    0x13870
                0x000000000800a420                . = ALIGN (0x4)
 *(.rodata)
 .rodata        0x000000000800a420        0xd ./BlueNRG-2/Target/hci_tl_interface.o
 *fill*         0x000000000800a42d        0x3 
 .rodata        0x000000000800a430       0xdf ./Core/Src/app_bluenrg.o
 *fill*         0x000000000800a50f        0x1 
 .rodata        0x000000000800a510       0x1f ./Core/Src/main.o
 *fill*         0x000000000800a52f        0x1 
 .rodata        0x000000000800a530       0x6f ./Core/Src/service.o
 *(.rodata*)
 *fill*         0x000000000800a59f        0x1 
 .rodata.AHBPrescTable
                0x000000000800a5a0       0x10 ./Core/Src/system_stm32f4xx.o
                0x000000000800a5a0                AHBPrescTable
 .rodata.APBPrescTable
                0x000000000800a5b0        0x8 ./Core/Src/system_stm32f4xx.o
                0x000000000800a5b0                APBPrescTable
 .rodata.flagBitshiftOffset.0
                0x000000000800a5b8        0x8 ./Drivers/STM32F4xx_HAL_Driver/Src/stm32f4xx_hal_dma.o
 .rodata.hci_events_table
                0x000000000800a5c0       0x38 ./Middlewares/ST/BlueNRG-2/hci/bluenrg1_events.o
                0x000000000800a5c0                hci_events_table
 .rodata.hci_le_meta_events_table
                0x000000000800a5f8       0x50 ./Middlewares/ST/BlueNRG-2/hci/bluenrg1_events.o
                0x000000000800a5f8                hci_le_meta_events_table
 .rodata.hci_vendor_specific_events_table
                0x000000000800a648      0x158 ./Middlewares/ST/BlueNRG-2/hci/bluenrg1_events.o
                0x000000000800a648                hci_vendor_specific_events_table
 .rodata.twiddleCoef_2048
                0x000000000800a7a0     0x4000 ../Core/Lib\libarm_cortexM4lf_math.a(arm_common_tables.o)
                0x000000000800a7a0                twiddleCoef_2048
 .rodata.twiddleCoef_rfft_64
                0x000000000800e7a0      0x100 ../Core/Lib\libarm_cortexM4lf_math.a(arm_common_tables.o)
                0x000000000800e7a0                twiddleCoef_rfft_64
 .rodata.armBitRevIndexTable64